  Geri y├╝klenecek projeler belirleniyor...
  Geri y├╝kleme i├ğin t├╝m projeler g├╝ncel.
  Models -> C:\Users\Abdurrahman\Desktop\BilgeHotelNtierArchtitecture\Models\bin\Debug\net8.0\Models.dll
  DataAccessLayer -> C:\Users\Abdurrahman\Desktop\BilgeHotelNtierArchtitecture\DataAccessLayer\bin\Debug\net8.0\DataAccessLayer.dll
  Common_Test -> C:\Users\Abdurrahman\Desktop\BilgeHotelNtierArchtitecture\Common_Test\bin\Debug\net8.0\Common_Test.dll
  BussinessLogicLayer -> C:\Users\Abdurrahman\Desktop\BilgeHotelNtierArchtitecture\BussinessLogicLayer\bin\Debug\net8.0\BussinessLogicLayer.dll
  RoomControlsApi -> C:\Users\Abdurrahman\Desktop\BilgeHotelNtierArchtitecture\RoomControlsApi\bin\Debug\net8.0\RoomControlsApi.dll
  ReservationWinForms -> C:\Users\Abdurrahman\Desktop\BilgeHotelNtierArchtitecture\ReservationWinForms\ReservationWinForms\bin\Debug\net8.0-windows\ReservationWinForms.dll
C:\Users\Abdurrahman\Desktop\BilgeHotelNtierArchtitecture\ManagementWinForms\ManagementWinForms\DatabaseConfigurationForm.cs(14,77): warning CS8625: Null sabit de─şer, bo┼ş de─şer atanamayan ba┼şvuru t├╝r├╝ne d├Ân├╝┼şt├╝r├╝lemiyor. [C:\Users\Abdurrahman\Desktop\BilgeHotelNtierArchtitecture\ManagementWinForms\ManagementWinForms\ManagementWinForms.csproj]
C:\Users\Abdurrahman\Desktop\BilgeHotelNtierArchtitecture\ManagementWinForms\ManagementWinForms\CreateBackupForm.cs(13,12): warning CS8618: Null atanamaz alan 'txtDescription', olu┼şturucudan ├ğ─▒k─▒┼ş yaparken null olmayan bir de─şer i├ğermelidir. 'Gerekli' de─şi┼ştiricisini ekleyin veya alan de─şerini null atanabilir olarak bildirmeyi g├Âz ├Ân├╝nde bulundurun. [C:\Users\Abdurrahman\Desktop\BilgeHotelNtierArchtitecture\ManagementWinForms\ManagementWinForms\ManagementWinForms.csproj]
C:\Users\Abdurrahman\Desktop\BilgeHotelNtierArchtitecture\ManagementWinForms\ManagementWinForms\ReservationEditForm.cs(17,16): warning CS8618: Null atanamaz alan '_reservation', olu┼şturucudan ├ğ─▒k─▒┼ş yaparken null olmayan bir de─şer i├ğermelidir. 'Gerekli' de─şi┼ştiricisini ekleyin veya alan de─şerini null atanabilir olarak bildirmeyi g├Âz ├Ân├╝nde bulundurun. [C:\Users\Abdurrahman\Desktop\BilgeHotelNtierArchtitecture\ManagementWinForms\ManagementWinForms\ManagementWinForms.csproj]
C:\Users\Abdurrahman\Desktop\BilgeHotelNtierArchtitecture\ManagementWinForms\ManagementWinForms\ReservationManagementForm.cs(17,16): warning CS8618: Null atanamaz alan '_allReservations', olu┼şturucudan ├ğ─▒k─▒┼ş yaparken null olmayan bir de─şer i├ğermelidir. 'Gerekli' de─şi┼ştiricisini ekleyin veya alan de─şerini null atanabilir olarak bildirmeyi g├Âz ├Ân├╝nde bulundurun. [C:\Users\Abdurrahman\Desktop\BilgeHotelNtierArchtitecture\ManagementWinForms\ManagementWinForms\ManagementWinForms.csproj]
C:\Users\Abdurrahman\Desktop\BilgeHotelNtierArchtitecture\ManagementWinForms\ManagementWinForms\WebPricingManagementForm.cs(16,16): warning CS8618: Null atanamaz alan '_roomPricings', olu┼şturucudan ├ğ─▒k─▒┼ş yaparken null olmayan bir de─şer i├ğermelidir. 'Gerekli' de─şi┼ştiricisini ekleyin veya alan de─şerini null atanabilir olarak bildirmeyi g├Âz ├Ân├╝nde bulundurun. [C:\Users\Abdurrahman\Desktop\BilgeHotelNtierArchtitecture\ManagementWinForms\ManagementWinForms\ManagementWinForms.csproj]
C:\Users\Abdurrahman\Desktop\BilgeHotelNtierArchtitecture\ManagementWinForms\ManagementWinForms\CreateBackupForm.cs(39,35): warning CS8622: Muhtemelen null atanabilirlik ├Âznitelikleri nedeniyle, 'sender' parametresinin 'void CreateBackupForm.btnCreate_Click(object sender, EventArgs e)' t├╝r├╝ndeki ba┼şvuru t├╝rlerinin null atanabilirli─şi 'EventHandler' hedef temsilcisiyle e┼şle┼şmiyor. [C:\Users\Abdurrahman\Desktop\BilgeHotelNtierArchtitecture\ManagementWinForms\ManagementWinForms\ManagementWinForms.csproj]
C:\Users\Abdurrahman\Desktop\BilgeHotelNtierArchtitecture\ManagementWinForms\ManagementWinForms\CreateBackupForm.cs(45,35): warning CS8622: Muhtemelen null atanabilirlik ├Âznitelikleri nedeniyle, 'sender' parametresinin 'void CreateBackupForm.btnCancel_Click(object sender, EventArgs e)' t├╝r├╝ndeki ba┼şvuru t├╝rlerinin null atanabilirli─şi 'EventHandler' hedef temsilcisiyle e┼şle┼şmiyor. [C:\Users\Abdurrahman\Desktop\BilgeHotelNtierArchtitecture\ManagementWinForms\ManagementWinForms\ManagementWinForms.csproj]
C:\Users\Abdurrahman\Desktop\BilgeHotelNtierArchtitecture\ManagementWinForms\ManagementWinForms\WebPricingManagementForm.cs(194,23): warning CS8618: Null atanamaz ├Âzellik 'UpdatedBy', olu┼şturucudan ├ğ─▒k─▒┼ş yaparken null olmayan bir de─şer i├ğermelidir. 'Gerekli' de─şi┼ştiricisini ekleyin veya ├Âzellik de─şerini null atanabilir olarak bildirmeyi g├Âz ├Ân├╝nde bulundurun. [C:\Users\Abdurrahman\Desktop\BilgeHotelNtierArchtitecture\ManagementWinForms\ManagementWinForms\ManagementWinForms.csproj]
C:\Users\Abdurrahman\Desktop\BilgeHotelNtierArchtitecture\ManagementWinForms\ManagementWinForms\ReservationEditForm.cs(62,44): error CS0117: 'ReservationStatus' bir 'Active' tan─▒m─▒ i├ğermiyor [C:\Users\Abdurrahman\Desktop\BilgeHotelNtierArchtitecture\ManagementWinForms\ManagementWinForms\ManagementWinForms.csproj]
C:\Users\Abdurrahman\Desktop\BilgeHotelNtierArchtitecture\ManagementWinForms\ManagementWinForms\ReservationManagementForm.cs(52,48): error CS0117: 'ReservationStatus' bir 'Active' tan─▒m─▒ i├ğermiyor [C:\Users\Abdurrahman\Desktop\BilgeHotelNtierArchtitecture\ManagementWinForms\ManagementWinForms\ManagementWinForms.csproj]
C:\Users\Abdurrahman\Desktop\BilgeHotelNtierArchtitecture\ManagementWinForms\ManagementWinForms\ReservationManagementForm.cs(62,47): error CS0117: 'PackageType' bir 'HalfBoard' tan─▒m─▒ i├ğermiyor [C:\Users\Abdurrahman\Desktop\BilgeHotelNtierArchtitecture\ManagementWinForms\ManagementWinForms\ManagementWinForms.csproj]
C:\Users\Abdurrahman\Desktop\BilgeHotelNtierArchtitecture\ManagementWinForms\ManagementWinForms\WebPricingManagementForm.cs(43,41): error CS0117: 'RoomType' bir 'StandardRoom' tan─▒m─▒ i├ğermiyor [C:\Users\Abdurrahman\Desktop\BilgeHotelNtierArchtitecture\ManagementWinForms\ManagementWinForms\ManagementWinForms.csproj]
C:\Users\Abdurrahman\Desktop\BilgeHotelNtierArchtitecture\ManagementWinForms\ManagementWinForms\WebPricingManagementForm.cs(55,41): error CS0117: 'RoomType' bir 'DeluxeRoom' tan─▒m─▒ i├ğermiyor [C:\Users\Abdurrahman\Desktop\BilgeHotelNtierArchtitecture\ManagementWinForms\ManagementWinForms\ManagementWinForms.csproj]
C:\Users\Abdurrahman\Desktop\BilgeHotelNtierArchtitecture\ManagementWinForms\ManagementWinForms\ReservationEditForm.cs(68,40): warning CS8622: Muhtemelen null atanabilirlik ├Âznitelikleri nedeniyle, 'sender' parametresinin 'void ReservationEditForm.CalculateTotal(object sender, EventArgs e)' t├╝r├╝ndeki ba┼şvuru t├╝rlerinin null atanabilirli─şi 'EventHandler' hedef temsilcisiyle e┼şle┼şmiyor. [C:\Users\Abdurrahman\Desktop\BilgeHotelNtierArchtitecture\ManagementWinForms\ManagementWinForms\ManagementWinForms.csproj]
C:\Users\Abdurrahman\Desktop\BilgeHotelNtierArchtitecture\ManagementWinForms\ManagementWinForms\ReservationEditForm.cs(69,41): warning CS8622: Muhtemelen null atanabilirlik ├Âznitelikleri nedeniyle, 'sender' parametresinin 'void ReservationEditForm.CalculateTotal(object sender, EventArgs e)' t├╝r├╝ndeki ba┼şvuru t├╝rlerinin null atanabilirli─şi 'EventHandler' hedef temsilcisiyle e┼şle┼şmiyor. [C:\Users\Abdurrahman\Desktop\BilgeHotelNtierArchtitecture\ManagementWinForms\ManagementWinForms\ManagementWinForms.csproj]
C:\Users\Abdurrahman\Desktop\BilgeHotelNtierArchtitecture\ManagementWinForms\ManagementWinForms\ReservationEditForm.cs(70,52): warning CS8622: Muhtemelen null atanabilirlik ├Âznitelikleri nedeniyle, 'sender' parametresinin 'void ReservationEditForm.CalculateTotal(object sender, EventArgs e)' t├╝r├╝ndeki ba┼şvuru t├╝rlerinin null atanabilirli─şi 'EventHandler' hedef temsilcisiyle e┼şle┼şmiyor. [C:\Users\Abdurrahman\Desktop\BilgeHotelNtierArchtitecture\ManagementWinForms\ManagementWinForms\ManagementWinForms.csproj]
C:\Users\Abdurrahman\Desktop\BilgeHotelNtierArchtitecture\ManagementWinForms\ManagementWinForms\WebPricingManagementForm.cs(82,42): warning CS8622: Muhtemelen null atanabilirlik ├Âznitelikleri nedeniyle, 'sender' parametresinin 'void WebPricingManagementForm.dgvRoomPricings_CellClick(object sender, DataGridViewCellEventArgs e)' t├╝r├╝ndeki ba┼şvuru t├╝rlerinin null atanabilirli─şi 'DataGridViewCellEventHandler' hedef temsilcisiyle e┼şle┼şmiyor. [C:\Users\Abdurrahman\Desktop\BilgeHotelNtierArchtitecture\ManagementWinForms\ManagementWinForms\ManagementWinForms.csproj]
C:\Users\Abdurrahman\Desktop\BilgeHotelNtierArchtitecture\ManagementWinForms\ManagementWinForms\ReservationEditForm.cs(77,80): warning CS8604: 'object Enum.Parse(Type enumType, string value)' i├ğindeki 'value' parametresi i├ğin olas─▒ null ba┼şvuru ba─ş─▒ms─▒z de─şi┼şkeni. [C:\Users\Abdurrahman\Desktop\BilgeHotelNtierArchtitecture\ManagementWinForms\ManagementWinForms\ManagementWinForms.csproj]
C:\Users\Abdurrahman\Desktop\BilgeHotelNtierArchtitecture\ManagementWinForms\ManagementWinForms\ReservationEditForm.cs(94,20): warning CS8603: Olas─▒ null ba┼şvuru d├Ân├╝┼ş├╝. [C:\Users\Abdurrahman\Desktop\BilgeHotelNtierArchtitecture\ManagementWinForms\ManagementWinForms\ManagementWinForms.csproj]
C:\Users\Abdurrahman\Desktop\BilgeHotelNtierArchtitecture\ManagementWinForms\ManagementWinForms\ReservationManagementForm.cs(86,122): error CS0117: 'ReservationStatus' bir 'Active' tan─▒m─▒ i├ğermiyor [C:\Users\Abdurrahman\Desktop\BilgeHotelNtierArchtitecture\ManagementWinForms\ManagementWinForms\ManagementWinForms.csproj]
C:\Users\Abdurrahman\Desktop\BilgeHotelNtierArchtitecture\ManagementWinForms\ManagementWinForms\ReservationEditForm.cs(103,89): warning CS8602: Olas─▒ bir null ba┼şvurunun ba┼şvurma i┼şlemi. [C:\Users\Abdurrahman\Desktop\BilgeHotelNtierArchtitecture\ManagementWinForms\ManagementWinForms\ManagementWinForms.csproj]
C:\Users\Abdurrahman\Desktop\BilgeHotelNtierArchtitecture\ManagementWinForms\ManagementWinForms\ReservationEditForm.cs(103,89): warning CS8604: 'object Enum.Parse(Type enumType, string value)' i├ğindeki 'value' parametresi i├ğin olas─▒ null ba┼şvuru ba─ş─▒ms─▒z de─şi┼şkeni. [C:\Users\Abdurrahman\Desktop\BilgeHotelNtierArchtitecture\ManagementWinForms\ManagementWinForms\ManagementWinForms.csproj]
C:\Users\Abdurrahman\Desktop\BilgeHotelNtierArchtitecture\ManagementWinForms\ManagementWinForms\ReservationEditForm.cs(105,96): warning CS8602: Olas─▒ bir null ba┼şvurunun ba┼şvurma i┼şlemi. [C:\Users\Abdurrahman\Desktop\BilgeHotelNtierArchtitecture\ManagementWinForms\ManagementWinForms\ManagementWinForms.csproj]
C:\Users\Abdurrahman\Desktop\BilgeHotelNtierArchtitecture\ManagementWinForms\ManagementWinForms\ReservationEditForm.cs(105,96): warning CS8604: 'object Enum.Parse(Type enumType, string value)' i├ğindeki 'value' parametresi i├ğin olas─▒ null ba┼şvuru ba─ş─▒ms─▒z de─şi┼şkeni. [C:\Users\Abdurrahman\Desktop\BilgeHotelNtierArchtitecture\ManagementWinForms\ManagementWinForms\ManagementWinForms.csproj]
C:\Users\Abdurrahman\Desktop\BilgeHotelNtierArchtitecture\ManagementWinForms\ManagementWinForms\ReservationManagementForm.cs(170,64): error CS0117: 'ReservationStatus' bir 'Cancelled' tan─▒m─▒ i├ğermiyor [C:\Users\Abdurrahman\Desktop\BilgeHotelNtierArchtitecture\ManagementWinForms\ManagementWinForms\ManagementWinForms.csproj]
C:\Users\Abdurrahman\Desktop\BilgeHotelNtierArchtitecture\Presentation\Models\PaymentAPITools\ResponseModels\PaymentCheckoutResponseModel.cs(6,23): warning CS8618: Null atanamaz ├Âzellik 'Message', olu┼şturucudan ├ğ─▒k─▒┼ş yaparken null olmayan bir de─şer i├ğermelidir. 'Gerekli' de─şi┼ştiricisini ekleyin veya ├Âzellik de─şerini null atanabilir olarak bildirmeyi g├Âz ├Ân├╝nde bulundurun. [C:\Users\Abdurrahman\Desktop\BilgeHotelNtierArchtitecture\Presentation\Presentation.csproj]
C:\Users\Abdurrahman\Desktop\BilgeHotelNtierArchtitecture\Presentation\Models\UserDetailsViewModel.cs(6,23): warning CS8618: Null atanamaz ├Âzellik 'UserName', olu┼şturucudan ├ğ─▒k─▒┼ş yaparken null olmayan bir de─şer i├ğermelidir. 'Gerekli' de─şi┼ştiricisini ekleyin veya ├Âzellik de─şerini null atanabilir olarak bildirmeyi g├Âz ├Ân├╝nde bulundurun. [C:\Users\Abdurrahman\Desktop\BilgeHotelNtierArchtitecture\Presentation\Presentation.csproj]
C:\Users\Abdurrahman\Desktop\BilgeHotelNtierArchtitecture\Presentation\Models\UserDetailsViewModel.cs(7,23): warning CS8618: Null atanamaz ├Âzellik 'Email', olu┼şturucudan ├ğ─▒k─▒┼ş yaparken null olmayan bir de─şer i├ğermelidir. 'Gerekli' de─şi┼ştiricisini ekleyin veya ├Âzellik de─şerini null atanabilir olarak bildirmeyi g├Âz ├Ân├╝nde bulundurun. [C:\Users\Abdurrahman\Desktop\BilgeHotelNtierArchtitecture\Presentation\Presentation.csproj]
C:\Users\Abdurrahman\Desktop\BilgeHotelNtierArchtitecture\Presentation\Models\UserDetailsViewModel.cs(8,23): warning CS8618: Null atanamaz ├Âzellik 'PhoneNumber', olu┼şturucudan ├ğ─▒k─▒┼ş yaparken null olmayan bir de─şer i├ğermelidir. 'Gerekli' de─şi┼ştiricisini ekleyin veya ├Âzellik de─şerini null atanabilir olarak bildirmeyi g├Âz ├Ân├╝nde bulundurun. [C:\Users\Abdurrahman\Desktop\BilgeHotelNtierArchtitecture\Presentation\Presentation.csproj]
C:\Users\Abdurrahman\Desktop\BilgeHotelNtierArchtitecture\Presentation\Models\UserDetailsViewModel.cs(9,23): warning CS8618: Null atanamaz ├Âzellik 'Role', olu┼şturucudan ├ğ─▒k─▒┼ş yaparken null olmayan bir de─şer i├ğermelidir. 'Gerekli' de─şi┼ştiricisini ekleyin veya ├Âzellik de─şerini null atanabilir olarak bildirmeyi g├Âz ├Ân├╝nde bulundurun. [C:\Users\Abdurrahman\Desktop\BilgeHotelNtierArchtitecture\Presentation\Presentation.csproj]
C:\Users\Abdurrahman\Desktop\BilgeHotelNtierArchtitecture\Presentation\Models\ShoppingTools\CartItem.cs(5,19): warning CS8618: Null atanamaz ├Âzellik 'RoomDescription', olu┼şturucudan ├ğ─▒k─▒┼ş yaparken null olmayan bir de─şer i├ğermelidir. 'Gerekli' de─şi┼ştiricisini ekleyin veya ├Âzellik de─şerini null atanabilir olarak bildirmeyi g├Âz ├Ân├╝nde bulundurun. [C:\Users\Abdurrahman\Desktop\BilgeHotelNtierArchtitecture\Presentation\Presentation.csproj]
C:\Users\Abdurrahman\Desktop\BilgeHotelNtierArchtitecture\Presentation\Models\SessionService\SessionExtension.cs(16,35): warning CS8600: Null sabit de─şeri veya olas─▒ null de─şeri, bo┼ş de─şer atanamaz t├╝re d├Ân├╝┼şt├╝r├╝l├╝yor. [C:\Users\Abdurrahman\Desktop\BilgeHotelNtierArchtitecture\Presentation\Presentation.csproj]
C:\Users\Abdurrahman\Desktop\BilgeHotelNtierArchtitecture\Presentation\Models\SessionService\SessionExtension.cs(19,40): warning CS8600: Null sabit de─şeri veya olas─▒ null de─şeri, bo┼ş de─şer atanamaz t├╝re d├Ân├╝┼şt├╝r├╝l├╝yor. [C:\Users\Abdurrahman\Desktop\BilgeHotelNtierArchtitecture\Presentation\Presentation.csproj]
C:\Users\Abdurrahman\Desktop\BilgeHotelNtierArchtitecture\Presentation\Models\SessionService\SessionExtension.cs(20,24): warning CS8603: Olas─▒ null ba┼şvuru d├Ân├╝┼ş├╝. [C:\Users\Abdurrahman\Desktop\BilgeHotelNtierArchtitecture\Presentation\Presentation.csproj]
C:\Users\Abdurrahman\Desktop\BilgeHotelNtierArchtitecture\Presentation\Models\SessionService\SessionExtension.cs(23,20): warning CS8603: Olas─▒ null ba┼şvuru d├Ân├╝┼ş├╝. [C:\Users\Abdurrahman\Desktop\BilgeHotelNtierArchtitecture\Presentation\Presentation.csproj]
C:\Users\Abdurrahman\Desktop\BilgeHotelNtierArchtitecture\Presentation\Models\ReservationViewModel.cs(22,23): warning CS8618: Null atanamaz ├Âzellik 'RoomNumber', olu┼şturucudan ├ğ─▒k─▒┼ş yaparken null olmayan bir de─şer i├ğermelidir. 'Gerekli' de─şi┼ştiricisini ekleyin veya ├Âzellik de─şerini null atanabilir olarak bildirmeyi g├Âz ├Ân├╝nde bulundurun. [C:\Users\Abdurrahman\Desktop\BilgeHotelNtierArchtitecture\Presentation\Presentation.csproj]
C:\Users\Abdurrahman\Desktop\BilgeHotelNtierArchtitecture\Presentation\Models\ReservationViewModel.cs(23,23): warning CS8618: Null atanamaz ├Âzellik 'RoomDescription', olu┼şturucudan ├ğ─▒k─▒┼ş yaparken null olmayan bir de─şer i├ğermelidir. 'Gerekli' de─şi┼ştiricisini ekleyin veya ├Âzellik de─şerini null atanabilir olarak bildirmeyi g├Âz ├Ân├╝nde bulundurun. [C:\Users\Abdurrahman\Desktop\BilgeHotelNtierArchtitecture\Presentation\Presentation.csproj]
C:\Users\Abdurrahman\Desktop\BilgeHotelNtierArchtitecture\Presentation\Models\ReservationViewModel.cs(26,23): warning CS8618: Null atanamaz ├Âzellik 'RoomType', olu┼şturucudan ├ğ─▒k─▒┼ş yaparken null olmayan bir de─şer i├ğermelidir. 'Gerekli' de─şi┼ştiricisini ekleyin veya ├Âzellik de─şerini null atanabilir olarak bildirmeyi g├Âz ├Ân├╝nde bulundurun. [C:\Users\Abdurrahman\Desktop\BilgeHotelNtierArchtitecture\Presentation\Presentation.csproj]
C:\Users\Abdurrahman\Desktop\BilgeHotelNtierArchtitecture\Presentation\Models\ReservationViewModel.cs(28,23): warning CS8618: Null atanamaz ├Âzellik 'ImageUrl', olu┼şturucudan ├ğ─▒k─▒┼ş yaparken null olmayan bir de─şer i├ğermelidir. 'Gerekli' de─şi┼ştiricisini ekleyin veya ├Âzellik de─şerini null atanabilir olarak bildirmeyi g├Âz ├Ân├╝nde bulundurun. [C:\Users\Abdurrahman\Desktop\BilgeHotelNtierArchtitecture\Presentation\Presentation.csproj]
C:\Users\Abdurrahman\Desktop\BilgeHotelNtierArchtitecture\Presentation\Models\ReservationViewModel.cs(30,23): warning CS8618: Null atanamaz ├Âzellik 'PackageType', olu┼şturucudan ├ğ─▒k─▒┼ş yaparken null olmayan bir de─şer i├ğermelidir. 'Gerekli' de─şi┼ştiricisini ekleyin veya ├Âzellik de─şerini null atanabilir olarak bildirmeyi g├Âz ├Ân├╝nde bulundurun. [C:\Users\Abdurrahman\Desktop\BilgeHotelNtierArchtitecture\Presentation\Presentation.csproj]
C:\Users\Abdurrahman\Desktop\BilgeHotelNtierArchtitecture\Presentation\Models\ReservationViewModel.cs(31,23): warning CS8618: Null atanamaz ├Âzellik 'RoomStatus', olu┼şturucudan ├ğ─▒k─▒┼ş yaparken null olmayan bir de─şer i├ğermelidir. 'Gerekli' de─şi┼ştiricisini ekleyin veya ├Âzellik de─şerini null atanabilir olarak bildirmeyi g├Âz ├Ân├╝nde bulundurun. [C:\Users\Abdurrahman\Desktop\BilgeHotelNtierArchtitecture\Presentation\Presentation.csproj]
C:\Users\Abdurrahman\Desktop\BilgeHotelNtierArchtitecture\Presentation\Models\RegisterViewModel.cs(10,23): warning CS8618: Null atanamaz ├Âzellik 'UserName', olu┼şturucudan ├ğ─▒k─▒┼ş yaparken null olmayan bir de─şer i├ğermelidir. 'Gerekli' de─şi┼ştiricisini ekleyin veya ├Âzellik de─şerini null atanabilir olarak bildirmeyi g├Âz ├Ân├╝nde bulundurun. [C:\Users\Abdurrahman\Desktop\BilgeHotelNtierArchtitecture\Presentation\Presentation.csproj]
C:\Users\Abdurrahman\Desktop\BilgeHotelNtierArchtitecture\Presentation\Models\RegisterViewModel.cs(15,23): warning CS8618: Null atanamaz ├Âzellik 'Email', olu┼şturucudan ├ğ─▒k─▒┼ş yaparken null olmayan bir de─şer i├ğermelidir. 'Gerekli' de─şi┼ştiricisini ekleyin veya ├Âzellik de─şerini null atanabilir olarak bildirmeyi g├Âz ├Ân├╝nde bulundurun. [C:\Users\Abdurrahman\Desktop\BilgeHotelNtierArchtitecture\Presentation\Presentation.csproj]
C:\Users\Abdurrahman\Desktop\BilgeHotelNtierArchtitecture\Presentation\Models\RegisterViewModel.cs(19,23): warning CS8618: Null atanamaz ├Âzellik 'Password', olu┼şturucudan ├ğ─▒k─▒┼ş yaparken null olmayan bir de─şer i├ğermelidir. 'Gerekli' de─şi┼ştiricisini ekleyin veya ├Âzellik de─şerini null atanabilir olarak bildirmeyi g├Âz ├Ân├╝nde bulundurun. [C:\Users\Abdurrahman\Desktop\BilgeHotelNtierArchtitecture\Presentation\Presentation.csproj]
C:\Users\Abdurrahman\Desktop\BilgeHotelNtierArchtitecture\Presentation\Models\RegisterViewModel.cs(24,23): warning CS8618: Null atanamaz ├Âzellik 'ConfirmPassword', olu┼şturucudan ├ğ─▒k─▒┼ş yaparken null olmayan bir de─şer i├ğermelidir. 'Gerekli' de─şi┼ştiricisini ekleyin veya ├Âzellik de─şerini null atanabilir olarak bildirmeyi g├Âz ├Ân├╝nde bulundurun. [C:\Users\Abdurrahman\Desktop\BilgeHotelNtierArchtitecture\Presentation\Presentation.csproj]
C:\Users\Abdurrahman\Desktop\BilgeHotelNtierArchtitecture\Presentation\Models\RegisterViewModel.cs(28,23): warning CS8618: Null atanamaz ├Âzellik 'Address', olu┼şturucudan ├ğ─▒k─▒┼ş yaparken null olmayan bir de─şer i├ğermelidir. 'Gerekli' de─şi┼ştiricisini ekleyin veya ├Âzellik de─şerini null atanabilir olarak bildirmeyi g├Âz ├Ân├╝nde bulundurun. [C:\Users\Abdurrahman\Desktop\BilgeHotelNtierArchtitecture\Presentation\Presentation.csproj]
C:\Users\Abdurrahman\Desktop\BilgeHotelNtierArchtitecture\Presentation\Models\LoginViewModel.cs(12,23): warning CS8618: Null atanamaz ├Âzellik 'UserName', olu┼şturucudan ├ğ─▒k─▒┼ş yaparken null olmayan bir de─şer i├ğermelidir. 'Gerekli' de─şi┼ştiricisini ekleyin veya ├Âzellik de─şerini null atanabilir olarak bildirmeyi g├Âz ├Ân├╝nde bulundurun. [C:\Users\Abdurrahman\Desktop\BilgeHotelNtierArchtitecture\Presentation\Presentation.csproj]
C:\Users\Abdurrahman\Desktop\BilgeHotelNtierArchtitecture\Presentation\Models\LoginViewModel.cs(16,23): warning CS8618: Null atanamaz ├Âzellik 'Password', olu┼şturucudan ├ğ─▒k─▒┼ş yaparken null olmayan bir de─şer i├ğermelidir. 'Gerekli' de─şi┼ştiricisini ekleyin veya ├Âzellik de─şerini null atanabilir olarak bildirmeyi g├Âz ├Ân├╝nde bulundurun. [C:\Users\Abdurrahman\Desktop\BilgeHotelNtierArchtitecture\Presentation\Presentation.csproj]
C:\Users\Abdurrahman\Desktop\BilgeHotelNtierArchtitecture\Presentation\Models\PaymentAPITools\ResponseModels\PaymentProcessResponseModel.cs(6,23): warning CS8618: Null atanamaz ├Âzellik 'Message', olu┼şturucudan ├ğ─▒k─▒┼ş yaparken null olmayan bir de─şer i├ğermelidir. 'Gerekli' de─şi┼ştiricisini ekleyin veya ├Âzellik de─şerini null atanabilir olarak bildirmeyi g├Âz ├Ân├╝nde bulundurun. [C:\Users\Abdurrahman\Desktop\BilgeHotelNtierArchtitecture\Presentation\Presentation.csproj]
C:\Users\Abdurrahman\Desktop\BilgeHotelNtierArchtitecture\Presentation\Models\PaymentAPITools\ResponseModels\PaymentHistoryResponseModel.cs(17,23): warning CS8618: Null atanamaz ├Âzellik 'CardUserName', olu┼şturucudan ├ğ─▒k─▒┼ş yaparken null olmayan bir de─şer i├ğermelidir. 'Gerekli' de─şi┼ştiricisini ekleyin veya ├Âzellik de─şerini null atanabilir olarak bildirmeyi g├Âz ├Ân├╝nde bulundurun. [C:\Users\Abdurrahman\Desktop\BilgeHotelNtierArchtitecture\Presentation\Presentation.csproj]
C:\Users\Abdurrahman\Desktop\BilgeHotelNtierArchtitecture\Presentation\Models\PaymentAPITools\ResponseModels\PaymentHistoryResponseModel.cs(22,23): warning CS8618: Null atanamaz ├Âzellik 'CardNumber', olu┼şturucudan ├ğ─▒k─▒┼ş yaparken null olmayan bir de─şer i├ğermelidir. 'Gerekli' de─şi┼ştiricisini ekleyin veya ├Âzellik de─şerini null atanabilir olarak bildirmeyi g├Âz ├Ân├╝nde bulundurun. [C:\Users\Abdurrahman\Desktop\BilgeHotelNtierArchtitecture\Presentation\Presentation.csproj]
C:\Users\Abdurrahman\Desktop\BilgeHotelNtierArchtitecture\Presentation\Models\PaymentAPITools\ResponseModels\PaymentHistoryResponseModel.cs(32,23): warning CS8618: Null atanamaz ├Âzellik 'RoomNumber', olu┼şturucudan ├ğ─▒k─▒┼ş yaparken null olmayan bir de─şer i├ğermelidir. 'Gerekli' de─şi┼ştiricisini ekleyin veya ├Âzellik de─şerini null atanabilir olarak bildirmeyi g├Âz ├Ân├╝nde bulundurun. [C:\Users\Abdurrahman\Desktop\BilgeHotelNtierArchtitecture\Presentation\Presentation.csproj]
C:\Users\Abdurrahman\Desktop\BilgeHotelNtierArchtitecture\Presentation\Models\PaymentAPITools\ResponseModels\PaymentHistoryResponseModel.cs(38,23): warning CS8618: Null atanamaz ├Âzellik 'CVV', olu┼şturucudan ├ğ─▒k─▒┼ş yaparken null olmayan bir de─şer i├ğermelidir. 'Gerekli' de─şi┼ştiricisini ekleyin veya ├Âzellik de─şerini null atanabilir olarak bildirmeyi g├Âz ├Ân├╝nde bulundurun. [C:\Users\Abdurrahman\Desktop\BilgeHotelNtierArchtitecture\Presentation\Presentation.csproj]
C:\Users\Abdurrahman\Desktop\BilgeHotelNtierArchtitecture\Presentation\Models\PaymentAPITools\RequestModels\PaymentProcessRequestModel.cs(23,23): warning CS8618: Null atanamaz ├Âzellik 'CardUserName', olu┼şturucudan ├ğ─▒k─▒┼ş yaparken null olmayan bir de─şer i├ğermelidir. 'Gerekli' de─şi┼ştiricisini ekleyin veya ├Âzellik de─şerini null atanabilir olarak bildirmeyi g├Âz ├Ân├╝nde bulundurun. [C:\Users\Abdurrahman\Desktop\BilgeHotelNtierArchtitecture\Presentation\Presentation.csproj]
C:\Users\Abdurrahman\Desktop\BilgeHotelNtierArchtitecture\Presentation\Models\PaymentAPITools\RequestModels\PaymentProcessRequestModel.cs(31,23): warning CS8618: Null atanamaz ├Âzellik 'CardNumber', olu┼şturucudan ├ğ─▒k─▒┼ş yaparken null olmayan bir de─şer i├ğermelidir. 'Gerekli' de─şi┼ştiricisini ekleyin veya ├Âzellik de─şerini null atanabilir olarak bildirmeyi g├Âz ├Ân├╝nde bulundurun. [C:\Users\Abdurrahman\Desktop\BilgeHotelNtierArchtitecture\Presentation\Presentation.csproj]
C:\Users\Abdurrahman\Desktop\BilgeHotelNtierArchtitecture\Presentation\Models\PaymentAPITools\RequestModels\PaymentProcessRequestModel.cs(39,23): warning CS8618: Null atanamaz ├Âzellik 'CVV', olu┼şturucudan ├ğ─▒k─▒┼ş yaparken null olmayan bir de─şer i├ğermelidir. 'Gerekli' de─şi┼ştiricisini ekleyin veya ├Âzellik de─şerini null atanabilir olarak bildirmeyi g├Âz ├Ân├╝nde bulundurun. [C:\Users\Abdurrahman\Desktop\BilgeHotelNtierArchtitecture\Presentation\Presentation.csproj]
C:\Users\Abdurrahman\Desktop\BilgeHotelNtierArchtitecture\Presentation\Models\PaymentAPITools\RequestModels\PaymentProcessRequestModel.cs(63,23): warning CS8618: Null atanamaz ├Âzellik 'RoomNumber', olu┼şturucudan ├ğ─▒k─▒┼ş yaparken null olmayan bir de─şer i├ğermelidir. 'Gerekli' de─şi┼ştiricisini ekleyin veya ├Âzellik de─şerini null atanabilir olarak bildirmeyi g├Âz ├Ân├╝nde bulundurun. [C:\Users\Abdurrahman\Desktop\BilgeHotelNtierArchtitecture\Presentation\Presentation.csproj]
C:\Users\Abdurrahman\Desktop\BilgeHotelNtierArchtitecture\Presentation\Models\PaymentAPITools\RequestModels\PaymentCheckoutRequestModel.cs(23,23): warning CS8618: Null atanamaz ├Âzellik 'CustomerName', olu┼şturucudan ├ğ─▒k─▒┼ş yaparken null olmayan bir de─şer i├ğermelidir. 'Gerekli' de─şi┼ştiricisini ekleyin veya ├Âzellik de─şerini null atanabilir olarak bildirmeyi g├Âz ├Ân├╝nde bulundurun. [C:\Users\Abdurrahman\Desktop\BilgeHotelNtierArchtitecture\Presentation\Presentation.csproj]
C:\Users\Abdurrahman\Desktop\BilgeHotelNtierArchtitecture\Presentation\Models\Payments\PaymentInvoicePageVm.cs(15,31): warning CS8618: Null atanamaz ├Âzellik 'Reservation', olu┼şturucudan ├ğ─▒k─▒┼ş yaparken null olmayan bir de─şer i├ğermelidir. 'Gerekli' de─şi┼ştiricisini ekleyin veya ├Âzellik de─şerini null atanabilir olarak bildirmeyi g├Âz ├Ân├╝nde bulundurun. [C:\Users\Abdurrahman\Desktop\BilgeHotelNtierArchtitecture\Presentation\Presentation.csproj]
C:\Users\Abdurrahman\Desktop\BilgeHotelNtierArchtitecture\Presentation\Models\Payments\PaymentInvoicePageVm.cs(20,27): warning CS8618: Null atanamaz ├Âzellik 'Payment', olu┼şturucudan ├ğ─▒k─▒┼ş yaparken null olmayan bir de─şer i├ğermelidir. 'Gerekli' de─şi┼ştiricisini ekleyin veya ├Âzellik de─şerini null atanabilir olarak bildirmeyi g├Âz ├Ân├╝nde bulundurun. [C:\Users\Abdurrahman\Desktop\BilgeHotelNtierArchtitecture\Presentation\Presentation.csproj]
C:\Users\Abdurrahman\Desktop\BilgeHotelNtierArchtitecture\Presentation\Models\Payments\PaymentInvoicePageVm.cs(25,24): warning CS8618: Null atanamaz ├Âzellik 'Room', olu┼şturucudan ├ğ─▒k─▒┼ş yaparken null olmayan bir de─şer i├ğermelidir. 'Gerekli' de─şi┼ştiricisini ekleyin veya ├Âzellik de─şerini null atanabilir olarak bildirmeyi g├Âz ├Ân├╝nde bulundurun. [C:\Users\Abdurrahman\Desktop\BilgeHotelNtierArchtitecture\Presentation\Presentation.csproj]
C:\Users\Abdurrahman\Desktop\BilgeHotelNtierArchtitecture\Presentation\Models\Payments\PaymentInvoicePageVm.cs(30,33): warning CS8618: Null atanamaz ├Âzellik 'ExtraServices', olu┼şturucudan ├ğ─▒k─▒┼ş yaparken null olmayan bir de─şer i├ğermelidir. 'Gerekli' de─şi┼ştiricisini ekleyin veya ├Âzellik de─şerini null atanabilir olarak bildirmeyi g├Âz ├Ân├╝nde bulundurun. [C:\Users\Abdurrahman\Desktop\BilgeHotelNtierArchtitecture\Presentation\Presentation.csproj]
C:\Users\Abdurrahman\Desktop\BilgeHotelNtierArchtitecture\Presentation\Models\Payments\PaymentInvoicePageVm.cs(35,23): warning CS8618: Null atanamaz ├Âzellik 'PageTitle', olu┼şturucudan ├ğ─▒k─▒┼ş yaparken null olmayan bir de─şer i├ğermelidir. 'Gerekli' de─şi┼ştiricisini ekleyin veya ├Âzellik de─şerini null atanabilir olarak bildirmeyi g├Âz ├Ân├╝nde bulundurun. [C:\Users\Abdurrahman\Desktop\BilgeHotelNtierArchtitecture\Presentation\Presentation.csproj]
C:\Users\Abdurrahman\Desktop\BilgeHotelNtierArchtitecture\Presentation\Models\Payments\PaymentInvoicePageVm.cs(40,23): warning CS8618: Null atanamaz ├Âzellik 'HelpText', olu┼şturucudan ├ğ─▒k─▒┼ş yaparken null olmayan bir de─şer i├ğermelidir. 'Gerekli' de─şi┼ştiricisini ekleyin veya ├Âzellik de─şerini null atanabilir olarak bildirmeyi g├Âz ├Ân├╝nde bulundurun. [C:\Users\Abdurrahman\Desktop\BilgeHotelNtierArchtitecture\Presentation\Presentation.csproj]
C:\Users\Abdurrahman\Desktop\BilgeHotelNtierArchtitecture\Presentation\Models\Payments\PaymentInvoicePageVm.cs(46,23): warning CS8618: Null atanamaz ├Âzellik 'CardNumber', olu┼şturucudan ├ğ─▒k─▒┼ş yaparken null olmayan bir de─şer i├ğermelidir. 'Gerekli' de─şi┼ştiricisini ekleyin veya ├Âzellik de─şerini null atanabilir olarak bildirmeyi g├Âz ├Ân├╝nde bulundurun. [C:\Users\Abdurrahman\Desktop\BilgeHotelNtierArchtitecture\Presentation\Presentation.csproj]
C:\Users\Abdurrahman\Desktop\BilgeHotelNtierArchtitecture\Presentation\Models\PaymentAPITools\RequestModels\PaymentCancelRequestModel.cs(23,23): warning CS8618: Null atanamaz ├Âzellik 'CardUserName', olu┼şturucudan ├ğ─▒k─▒┼ş yaparken null olmayan bir de─şer i├ğermelidir. 'Gerekli' de─şi┼ştiricisini ekleyin veya ├Âzellik de─şerini null atanabilir olarak bildirmeyi g├Âz ├Ân├╝nde bulundurun. [C:\Users\Abdurrahman\Desktop\BilgeHotelNtierArchtitecture\Presentation\Presentation.csproj]
C:\Users\Abdurrahman\Desktop\BilgeHotelNtierArchtitecture\Presentation\Models\PaymentAPITools\RequestModels\PaymentCancelRequestModel.cs(30,23): warning CS8618: Null atanamaz ├Âzellik 'CardNumber', olu┼şturucudan ├ğ─▒k─▒┼ş yaparken null olmayan bir de─şer i├ğermelidir. 'Gerekli' de─şi┼ştiricisini ekleyin veya ├Âzellik de─şerini null atanabilir olarak bildirmeyi g├Âz ├Ân├╝nde bulundurun. [C:\Users\Abdurrahman\Desktop\BilgeHotelNtierArchtitecture\Presentation\Presentation.csproj]
C:\Users\Abdurrahman\Desktop\BilgeHotelNtierArchtitecture\Presentation\Models\PaymentAPITools\RequestModels\PaymentCancelRequestModel.cs(38,23): warning CS8618: Null atanamaz ├Âzellik 'CVV', olu┼şturucudan ├ğ─▒k─▒┼ş yaparken null olmayan bir de─şer i├ğermelidir. 'Gerekli' de─şi┼ştiricisini ekleyin veya ├Âzellik de─şerini null atanabilir olarak bildirmeyi g├Âz ├Ân├╝nde bulundurun. [C:\Users\Abdurrahman\Desktop\BilgeHotelNtierArchtitecture\Presentation\Presentation.csproj]
C:\Users\Abdurrahman\Desktop\BilgeHotelNtierArchtitecture\Presentation\Models\PaymentAPITools\RequestModels\PaymentCancelRequestModel.cs(53,23): warning CS8618: Null atanamaz ├Âzellik 'RoomNumber', olu┼şturucudan ├ğ─▒k─▒┼ş yaparken null olmayan bir de─şer i├ğermelidir. 'Gerekli' de─şi┼ştiricisini ekleyin veya ├Âzellik de─şerini null atanabilir olarak bildirmeyi g├Âz ├Ân├╝nde bulundurun. [C:\Users\Abdurrahman\Desktop\BilgeHotelNtierArchtitecture\Presentation\Presentation.csproj]
C:\Users\Abdurrahman\Desktop\BilgeHotelNtierArchtitecture\Presentation\Controllers\RoomController.cs(49,39): warning CS1998: Bu zaman uyumsuz y├Ântemde 'await' i┼şle├ğleri yok ve zaman uyumlu ├ğal─▒┼şacak. 'await' i┼şlecini kullanarak engelleyici olmayan API ├ğa─şr─▒lar─▒n─▒ beklemeyi veya 'await Task.Run(...)' kullanarak bir arka plan i┼ş par├ğac─▒─ş─▒nda CPU ba─şlant─▒l─▒ i┼ş yapmay─▒ d├╝┼ş├╝n├╝n. [C:\Users\Abdurrahman\Desktop\BilgeHotelNtierArchtitecture\Presentation\Presentation.csproj]
C:\Users\Abdurrahman\Desktop\BilgeHotelNtierArchtitecture\Presentation\Controllers\RoomController.cs(68,42): warning CS1998: Bu zaman uyumsuz y├Ântemde 'await' i┼şle├ğleri yok ve zaman uyumlu ├ğal─▒┼şacak. 'await' i┼şlecini kullanarak engelleyici olmayan API ├ğa─şr─▒lar─▒n─▒ beklemeyi veya 'await Task.Run(...)' kullanarak bir arka plan i┼ş par├ğac─▒─ş─▒nda CPU ba─şlant─▒l─▒ i┼ş yapmay─▒ d├╝┼ş├╝n├╝n. [C:\Users\Abdurrahman\Desktop\BilgeHotelNtierArchtitecture\Presentation\Presentation.csproj]
C:\Users\Abdurrahman\Desktop\BilgeHotelNtierArchtitecture\Presentation\Controllers\RoomController.cs(93,25): error CS1061: 'Reservation' bir 'status' tan─▒m─▒ i├ğermiyor ve 'Reservation' t├╝r├╝nde bir ilk ba─ş─▒ms─▒z de─şi┼şken kabul eden hi├ğbir eri┼şilebilir 'status' geni┼şletme y├Ântemi bulunamad─▒ (bir kullanma y├Ânergeniz veya derleme ba┼şvurunuz eksik olabilir mi?) [C:\Users\Abdurrahman\Desktop\BilgeHotelNtierArchtitecture\Presentation\Presentation.csproj]
C:\Users\Abdurrahman\Desktop\BilgeHotelNtierArchtitecture\Presentation\Controllers\RoomController.cs(116,30): warning CS8604: 'int int.Parse(string s)' i├ğindeki 's' parametresi i├ğin olas─▒ null ba┼şvuru ba─ş─▒ms─▒z de─şi┼şkeni. [C:\Users\Abdurrahman\Desktop\BilgeHotelNtierArchtitecture\Presentation\Presentation.csproj]
C:\Users\Abdurrahman\Desktop\BilgeHotelNtierArchtitecture\Presentation\Controllers\RoomController.cs(157,42): warning CS1998: Bu zaman uyumsuz y├Ântemde 'await' i┼şle├ğleri yok ve zaman uyumlu ├ğal─▒┼şacak. 'await' i┼şlecini kullanarak engelleyici olmayan API ├ğa─şr─▒lar─▒n─▒ beklemeyi veya 'await Task.Run(...)' kullanarak bir arka plan i┼ş par├ğac─▒─ş─▒nda CPU ba─şlant─▒l─▒ i┼ş yapmay─▒ d├╝┼ş├╝n├╝n. [C:\Users\Abdurrahman\Desktop\BilgeHotelNtierArchtitecture\Presentation\Presentation.csproj]
C:\Users\Abdurrahman\Desktop\BilgeHotelNtierArchtitecture\Presentation\Controllers\ReservationController.cs(144,21): error CS0117: 'Reservation' bir 'status' tan─▒m─▒ i├ğermiyor [C:\Users\Abdurrahman\Desktop\BilgeHotelNtierArchtitecture\Presentation\Presentation.csproj]
C:\Users\Abdurrahman\Desktop\BilgeHotelNtierArchtitecture\Presentation\Controllers\ReservationController.cs(259,37): error CS1061: 'Reservation' bir 'ReservationStatus' tan─▒m─▒ i├ğermiyor ve 'Reservation' t├╝r├╝nde bir ilk ba─ş─▒ms─▒z de─şi┼şken kabul eden hi├ğbir eri┼şilebilir 'ReservationStatus' geni┼şletme y├Ântemi bulunamad─▒ (bir kullanma y├Ânergeniz veya derleme ba┼şvurunuz eksik olabilir mi?) [C:\Users\Abdurrahman\Desktop\BilgeHotelNtierArchtitecture\Presentation\Presentation.csproj]
C:\Users\Abdurrahman\Desktop\BilgeHotelNtierArchtitecture\Presentation\Controllers\ReservationController.cs(259,63): error CS1061: 'Reservation' bir 'ReservationStatus' tan─▒m─▒ i├ğermiyor ve 'Reservation' t├╝r├╝nde bir ilk ba─ş─▒ms─▒z de─şi┼şken kabul eden hi├ğbir eri┼şilebilir 'ReservationStatus' geni┼şletme y├Ântemi bulunamad─▒ (bir kullanma y├Ânergeniz veya derleme ba┼şvurunuz eksik olabilir mi?) [C:\Users\Abdurrahman\Desktop\BilgeHotelNtierArchtitecture\Presentation\Presentation.csproj]
C:\Users\Abdurrahman\Desktop\BilgeHotelNtierArchtitecture\Presentation\Controllers\PaymentController.cs(138,23): warning CS8618: Null atanamaz ├Âzellik 'ErrorMessage', olu┼şturucudan ├ğ─▒k─▒┼ş yaparken null olmayan bir de─şer i├ğermelidir. 'Gerekli' de─şi┼ştiricisini ekleyin veya ├Âzellik de─şerini null atanabilir olarak bildirmeyi g├Âz ├Ân├╝nde bulundurun. [C:\Users\Abdurrahman\Desktop\BilgeHotelNtierArchtitecture\Presentation\Presentation.csproj]
C:\Users\Abdurrahman\Desktop\BilgeHotelNtierArchtitecture\Presentation\Views\Shared\_Menu.cshtml(22,22): warning CS8602: Olas─▒ bir null ba┼şvurunun ba┼şvurma i┼şlemi. [C:\Users\Abdurrahman\Desktop\BilgeHotelNtierArchtitecture\Presentation\Presentation.csproj]
C:\Users\Abdurrahman\Desktop\BilgeHotelNtierArchtitecture\Presentation\Controllers\HomeController.cs(163,25): warning CS8604: 'List<char> Enumerable.ToList<char>(IEnumerable<char> source)' i├ğindeki 'source' parametresi i├ğin olas─▒ null ba┼şvuru ba─ş─▒ms─▒z de─şi┼şkeni. [C:\Users\Abdurrahman\Desktop\BilgeHotelNtierArchtitecture\Presentation\Presentation.csproj]
C:\Users\Abdurrahman\Desktop\BilgeHotelNtierArchtitecture\Presentation\Controllers\HomeController.cs(181,36): warning CS8604: 'int int.Parse(string s)' i├ğindeki 's' parametresi i├ğin olas─▒ null ba┼şvuru ba─ş─▒ms─▒z de─şi┼şkeni. [C:\Users\Abdurrahman\Desktop\BilgeHotelNtierArchtitecture\Presentation\Presentation.csproj]
C:\Users\Abdurrahman\Desktop\BilgeHotelNtierArchtitecture\Presentation\Controllers\HomeController.cs(184,17): warning CS0472: 'int' t├╝r├╝n├╝n de─şeri asla 'int?' t├╝r├╝n├╝n 'null' de─şerine e┼şit olmad─▒─ş─▒ndan ifadenin sonucu her zaman 'false' [C:\Users\Abdurrahman\Desktop\BilgeHotelNtierArchtitecture\Presentation\Presentation.csproj]
C:\Users\Abdurrahman\Desktop\BilgeHotelNtierArchtitecture\Presentation\Controllers\HomeController.cs(178,42): warning CS1998: Bu zaman uyumsuz y├Ântemde 'await' i┼şle├ğleri yok ve zaman uyumlu ├ğal─▒┼şacak. 'await' i┼şlecini kullanarak engelleyici olmayan API ├ğa─şr─▒lar─▒n─▒ beklemeyi veya 'await Task.Run(...)' kullanarak bir arka plan i┼ş par├ğac─▒─ş─▒nda CPU ba─şlant─▒l─▒ i┼ş yapmay─▒ d├╝┼ş├╝n├╝n. [C:\Users\Abdurrahman\Desktop\BilgeHotelNtierArchtitecture\Presentation\Presentation.csproj]
C:\Users\Abdurrahman\Desktop\BilgeHotelNtierArchtitecture\Presentation\Controllers\AccountController.cs(98,25): warning CS8600: Null sabit de─şeri veya olas─▒ null de─şeri, bo┼ş de─şer atanamaz t├╝re d├Ân├╝┼şt├╝r├╝l├╝yor. [C:\Users\Abdurrahman\Desktop\BilgeHotelNtierArchtitecture\Presentation\Presentation.csproj]
C:\Users\Abdurrahman\Desktop\BilgeHotelNtierArchtitecture\Presentation\Areas\Dashboard\Controllers\UsersController.cs(69,42): warning CS1998: Bu zaman uyumsuz y├Ântemde 'await' i┼şle├ğleri yok ve zaman uyumlu ├ğal─▒┼şacak. 'await' i┼şlecini kullanarak engelleyici olmayan API ├ğa─şr─▒lar─▒n─▒ beklemeyi veya 'await Task.Run(...)' kullanarak bir arka plan i┼ş par├ğac─▒─ş─▒nda CPU ba─şlant─▒l─▒ i┼ş yapmay─▒ d├╝┼ş├╝n├╝n. [C:\Users\Abdurrahman\Desktop\BilgeHotelNtierArchtitecture\Presentation\Presentation.csproj]
C:\Users\Abdurrahman\Desktop\BilgeHotelNtierArchtitecture\Presentation\Controllers\AccountController.cs(125,29): warning CS8600: Null sabit de─şeri veya olas─▒ null de─şeri, bo┼ş de─şer atanamaz t├╝re d├Ân├╝┼şt├╝r├╝l├╝yor. [C:\Users\Abdurrahman\Desktop\BilgeHotelNtierArchtitecture\Presentation\Presentation.csproj]
C:\Users\Abdurrahman\Desktop\BilgeHotelNtierArchtitecture\Presentation\Controllers\AccountController.cs(161,25): warning CS8600: Null sabit de─şeri veya olas─▒ null de─şeri, bo┼ş de─şer atanamaz t├╝re d├Ân├╝┼şt├╝r├╝l├╝yor. [C:\Users\Abdurrahman\Desktop\BilgeHotelNtierArchtitecture\Presentation\Presentation.csproj]
C:\Users\Abdurrahman\Desktop\BilgeHotelNtierArchtitecture\Presentation\Controllers\AccountController.cs(194,57): warning CS8604: 'Task<User?> UserManager<User>.FindByIdAsync(string userId)' i├ğindeki 'userId' parametresi i├ğin olas─▒ null ba┼şvuru ba─ş─▒ms─▒z de─şi┼şkeni. [C:\Users\Abdurrahman\Desktop\BilgeHotelNtierArchtitecture\Presentation\Presentation.csproj]
C:\Users\Abdurrahman\Desktop\BilgeHotelNtierArchtitecture\Presentation\Controllers\AccountController.cs(203,28): warning CS8601: Olas─▒ null ba┼şvuru atamas─▒. [C:\Users\Abdurrahman\Desktop\BilgeHotelNtierArchtitecture\Presentation\Presentation.csproj]
C:\Users\Abdurrahman\Desktop\BilgeHotelNtierArchtitecture\Presentation\Controllers\AccountController.cs(204,25): warning CS8601: Olas─▒ null ba┼şvuru atamas─▒. [C:\Users\Abdurrahman\Desktop\BilgeHotelNtierArchtitecture\Presentation\Presentation.csproj]
C:\Users\Abdurrahman\Desktop\BilgeHotelNtierArchtitecture\Presentation\Controllers\AccountController.cs(209,29): warning CS8601: Olas─▒ null ba┼şvuru atamas─▒. [C:\Users\Abdurrahman\Desktop\BilgeHotelNtierArchtitecture\Presentation\Presentation.csproj]
C:\Users\Abdurrahman\Desktop\BilgeHotelNtierArchtitecture\Presentation\Controllers\HomeController.cs(296,36): warning CS8604: 'int int.Parse(string s)' i├ğindeki 's' parametresi i├ğin olas─▒ null ba┼şvuru ba─ş─▒ms─▒z de─şi┼şkeni. [C:\Users\Abdurrahman\Desktop\BilgeHotelNtierArchtitecture\Presentation\Presentation.csproj]
C:\Users\Abdurrahman\Desktop\BilgeHotelNtierArchtitecture\Presentation\Controllers\HomeController.cs(299,17): warning CS0472: 'int' t├╝r├╝n├╝n de─şeri asla 'int?' t├╝r├╝n├╝n 'null' de─şerine e┼şit olmad─▒─ş─▒ndan ifadenin sonucu her zaman 'false' [C:\Users\Abdurrahman\Desktop\BilgeHotelNtierArchtitecture\Presentation\Presentation.csproj]
C:\Users\Abdurrahman\Desktop\BilgeHotelNtierArchtitecture\Presentation\Controllers\HomeController.cs(293,42): warning CS1998: Bu zaman uyumsuz y├Ântemde 'await' i┼şle├ğleri yok ve zaman uyumlu ├ğal─▒┼şacak. 'await' i┼şlecini kullanarak engelleyici olmayan API ├ğa─şr─▒lar─▒n─▒ beklemeyi veya 'await Task.Run(...)' kullanarak bir arka plan i┼ş par├ğac─▒─ş─▒nda CPU ba─şlant─▒l─▒ i┼ş yapmay─▒ d├╝┼ş├╝n├╝n. [C:\Users\Abdurrahman\Desktop\BilgeHotelNtierArchtitecture\Presentation\Presentation.csproj]
C:\Users\Abdurrahman\Desktop\BilgeHotelNtierArchtitecture\Presentation\Areas\Dashboard\Controllers\ShiftsController.cs(37,42): warning CS1998: Bu zaman uyumsuz y├Ântemde 'await' i┼şle├ğleri yok ve zaman uyumlu ├ğal─▒┼şacak. 'await' i┼şlecini kullanarak engelleyici olmayan API ├ğa─şr─▒lar─▒n─▒ beklemeyi veya 'await Task.Run(...)' kullanarak bir arka plan i┼ş par├ğac─▒─ş─▒nda CPU ba─şlant─▒l─▒ i┼ş yapmay─▒ d├╝┼ş├╝n├╝n. [C:\Users\Abdurrahman\Desktop\BilgeHotelNtierArchtitecture\Presentation\Presentation.csproj]
C:\Users\Abdurrahman\Desktop\BilgeHotelNtierArchtitecture\Presentation\Areas\Dashboard\Controllers\CustomersController.cs(37,42): warning CS1998: Bu zaman uyumsuz y├Ântemde 'await' i┼şle├ğleri yok ve zaman uyumlu ├ğal─▒┼şacak. 'await' i┼şlecini kullanarak engelleyici olmayan API ├ğa─şr─▒lar─▒n─▒ beklemeyi veya 'await Task.Run(...)' kullanarak bir arka plan i┼ş par├ğac─▒─ş─▒nda CPU ba─şlant─▒l─▒ i┼ş yapmay─▒ d├╝┼ş├╝n├╝n. [C:\Users\Abdurrahman\Desktop\BilgeHotelNtierArchtitecture\Presentation\Presentation.csproj]
C:\Users\Abdurrahman\Desktop\BilgeHotelNtierArchtitecture\Presentation\Areas\Dashboard\Controllers\ReservationsController.cs(59,42): warning CS1998: Bu zaman uyumsuz y├Ântemde 'await' i┼şle├ğleri yok ve zaman uyumlu ├ğal─▒┼şacak. 'await' i┼şlecini kullanarak engelleyici olmayan API ├ğa─şr─▒lar─▒n─▒ beklemeyi veya 'await Task.Run(...)' kullanarak bir arka plan i┼ş par├ğac─▒─ş─▒nda CPU ba─şlant─▒l─▒ i┼ş yapmay─▒ d├╝┼ş├╝n├╝n. [C:\Users\Abdurrahman\Desktop\BilgeHotelNtierArchtitecture\Presentation\Presentation.csproj]
C:\Users\Abdurrahman\Desktop\BilgeHotelNtierArchtitecture\Presentation\Areas\Dashboard\Controllers\EmployeesController.cs(39,42): warning CS1998: Bu zaman uyumsuz y├Ântemde 'await' i┼şle├ğleri yok ve zaman uyumlu ├ğal─▒┼şacak. 'await' i┼şlecini kullanarak engelleyici olmayan API ├ğa─şr─▒lar─▒n─▒ beklemeyi veya 'await Task.Run(...)' kullanarak bir arka plan i┼ş par├ğac─▒─ş─▒nda CPU ba─şlant─▒l─▒ i┼ş yapmay─▒ d├╝┼ş├╝n├╝n. [C:\Users\Abdurrahman\Desktop\BilgeHotelNtierArchtitecture\Presentation\Presentation.csproj]
C:\Users\Abdurrahman\Desktop\BilgeHotelNtierArchtitecture\Presentation\Areas\Dashboard\Controllers\ReservationsController.cs(187,37): error CS1061: 'Reservation' bir 'ReservationStatus' tan─▒m─▒ i├ğermiyor ve 'Reservation' t├╝r├╝nde bir ilk ba─ş─▒ms─▒z de─şi┼şken kabul eden hi├ğbir eri┼şilebilir 'ReservationStatus' geni┼şletme y├Ântemi bulunamad─▒ (bir kullanma y├Ânergeniz veya derleme ba┼şvurunuz eksik olabilir mi?) [C:\Users\Abdurrahman\Desktop\BilgeHotelNtierArchtitecture\Presentation\Presentation.csproj]
C:\Users\Abdurrahman\Desktop\BilgeHotelNtierArchtitecture\Presentation\Areas\Dashboard\Controllers\ReservationsController.cs(187,63): error CS1061: 'Reservation' bir 'ReservationStatus' tan─▒m─▒ i├ğermiyor ve 'Reservation' t├╝r├╝nde bir ilk ba─ş─▒ms─▒z de─şi┼şken kabul eden hi├ğbir eri┼şilebilir 'ReservationStatus' geni┼şletme y├Ântemi bulunamad─▒ (bir kullanma y├Ânergeniz veya derleme ba┼şvurunuz eksik olabilir mi?) [C:\Users\Abdurrahman\Desktop\BilgeHotelNtierArchtitecture\Presentation\Presentation.csproj]
C:\Users\Abdurrahman\Desktop\BilgeHotelNtierArchtitecture\Presentation\Areas\Dashboard\Views\Home\Index.cshtml(16,86): warning CS8602: Olas─▒ bir null ba┼şvurunun ba┼şvurma i┼şlemi. [C:\Users\Abdurrahman\Desktop\BilgeHotelNtierArchtitecture\Presentation\Presentation.csproj]
C:\Users\Abdurrahman\Desktop\BilgeHotelNtierArchtitecture\Presentation\Areas\Dashboard\Views\Reservations\Details.cshtml(38,49): error CS1061: 'Reservation' bir 'status' tan─▒m─▒ i├ğermiyor ve 'Reservation' t├╝r├╝nde bir ilk ba─ş─▒ms─▒z de─şi┼şken kabul eden hi├ğbir eri┼şilebilir 'status' geni┼şletme y├Ântemi bulunamad─▒ (bir kullanma y├Ânergeniz veya derleme ba┼şvurunuz eksik olabilir mi?) [C:\Users\Abdurrahman\Desktop\BilgeHotelNtierArchtitecture\Presentation\Presentation.csproj]
C:\Users\Abdurrahman\Desktop\BilgeHotelNtierArchtitecture\Presentation\Areas\Dashboard\Views\Reservations\Details.cshtml(41,45): error CS1061: 'Reservation' bir 'status' tan─▒m─▒ i├ğermiyor ve 'Reservation' t├╝r├╝nde bir ilk ba─ş─▒ms─▒z de─şi┼şken kabul eden hi├ğbir eri┼şilebilir 'status' geni┼şletme y├Ântemi bulunamad─▒ (bir kullanma y├Ânergeniz veya derleme ba┼şvurunuz eksik olabilir mi?) [C:\Users\Abdurrahman\Desktop\BilgeHotelNtierArchtitecture\Presentation\Presentation.csproj]
C:\Users\Abdurrahman\Desktop\BilgeHotelNtierArchtitecture\Presentation\Areas\Dashboard\Views\Reservations\Details.cshtml(47,39): warning CS8602: Olas─▒ bir null ba┼şvurunun ba┼şvurma i┼şlemi. [C:\Users\Abdurrahman\Desktop\BilgeHotelNtierArchtitecture\Presentation\Presentation.csproj]
C:\Users\Abdurrahman\Desktop\BilgeHotelNtierArchtitecture\Presentation\Areas\Dashboard\Views\Reservations\Details.cshtml(53,39): warning CS8602: Olas─▒ bir null ba┼şvurunun ba┼şvurma i┼şlemi. [C:\Users\Abdurrahman\Desktop\BilgeHotelNtierArchtitecture\Presentation\Presentation.csproj]
C:\Users\Abdurrahman\Desktop\BilgeHotelNtierArchtitecture\Presentation\Views\Room\Partial\_EditReservation.cshtml(37,41): error CS1061: 'Reservation' bir 'status' tan─▒m─▒ i├ğermiyor ve 'Reservation' t├╝r├╝nde bir ilk ba─ş─▒ms─▒z de─şi┼şken kabul eden hi├ğbir eri┼şilebilir 'status' geni┼şletme y├Ântemi bulunamad─▒ (bir kullanma y├Ânergeniz veya derleme ba┼şvurunuz eksik olabilir mi?) [C:\Users\Abdurrahman\Desktop\BilgeHotelNtierArchtitecture\Presentation\Presentation.csproj]
C:\Users\Abdurrahman\Desktop\BilgeHotelNtierArchtitecture\Presentation\Views\Room\Partial\_EditReservation.cshtml(38,42): error CS1061: 'Reservation' bir 'status' tan─▒m─▒ i├ğermiyor ve 'Reservation' t├╝r├╝nde bir ilk ba─ş─▒ms─▒z de─şi┼şken kabul eden hi├ğbir eri┼şilebilir 'status' geni┼şletme y├Ântemi bulunamad─▒ (bir kullanma y├Ânergeniz veya derleme ba┼şvurunuz eksik olabilir mi?) [C:\Users\Abdurrahman\Desktop\BilgeHotelNtierArchtitecture\Presentation\Presentation.csproj]
C:\Users\Abdurrahman\Desktop\BilgeHotelNtierArchtitecture\Presentation\Views\Room\Partial\_EditReservation.cshtml(39,51): error CS1061: 'Reservation' bir 'status' tan─▒m─▒ i├ğermiyor ve 'Reservation' t├╝r├╝nde bir ilk ba─ş─▒ms─▒z de─şi┼şken kabul eden hi├ğbir eri┼şilebilir 'status' geni┼şletme y├Ântemi bulunamad─▒ (bir kullanma y├Ânergeniz veya derleme ba┼şvurunuz eksik olabilir mi?) [C:\Users\Abdurrahman\Desktop\BilgeHotelNtierArchtitecture\Presentation\Presentation.csproj]
C:\Users\Abdurrahman\Desktop\BilgeHotelNtierArchtitecture\Presentation\Areas\Dashboard\Views\Reservations\Index.cshtml(36,65): error CS1061: 'IEnumerable<Reservation>' bir 'status' tan─▒m─▒ i├ğermiyor ve 'IEnumerable<Reservation>' t├╝r├╝nde bir ilk ba─ş─▒ms─▒z de─şi┼şken kabul eden hi├ğbir eri┼şilebilir 'status' geni┼şletme y├Ântemi bulunamad─▒ (bir kullanma y├Ânergeniz veya derleme ba┼şvurunuz eksik olabilir mi?) [C:\Users\Abdurrahman\Desktop\BilgeHotelNtierArchtitecture\Presentation\Presentation.csproj]
C:\Users\Abdurrahman\Desktop\BilgeHotelNtierArchtitecture\Presentation\Areas\Dashboard\Views\Shared\_Menu.cshtml(45,22): warning CS8602: Olas─▒ bir null ba┼şvurunun ba┼şvurma i┼şlemi. [C:\Users\Abdurrahman\Desktop\BilgeHotelNtierArchtitecture\Presentation\Presentation.csproj]
C:\Users\Abdurrahman\Desktop\BilgeHotelNtierArchtitecture\Presentation\Areas\Dashboard\Views\Reservations\Create.cshtml(51,33): error CS1061: 'Reservation' bir 'ReservationStatus' tan─▒m─▒ i├ğermiyor ve 'Reservation' t├╝r├╝nde bir ilk ba─ş─▒ms─▒z de─şi┼şken kabul eden hi├ğbir eri┼şilebilir 'ReservationStatus' geni┼şletme y├Ântemi bulunamad─▒ (bir kullanma y├Ânergeniz veya derleme ba┼şvurunuz eksik olabilir mi?) [C:\Users\Abdurrahman\Desktop\BilgeHotelNtierArchtitecture\Presentation\Presentation.csproj]
C:\Users\Abdurrahman\Desktop\BilgeHotelNtierArchtitecture\Presentation\Areas\Dashboard\Views\Reservations\Create.cshtml(52,34): error CS1061: 'Reservation' bir 'ReservationStatus' tan─▒m─▒ i├ğermiyor ve 'Reservation' t├╝r├╝nde bir ilk ba─ş─▒ms─▒z de─şi┼şken kabul eden hi├ğbir eri┼şilebilir 'ReservationStatus' geni┼şletme y├Ântemi bulunamad─▒ (bir kullanma y├Ânergeniz veya derleme ba┼şvurunuz eksik olabilir mi?) [C:\Users\Abdurrahman\Desktop\BilgeHotelNtierArchtitecture\Presentation\Presentation.csproj]
C:\Users\Abdurrahman\Desktop\BilgeHotelNtierArchtitecture\Presentation\Areas\Dashboard\Views\Reservations\Create.cshtml(55,43): error CS1061: 'Reservation' bir 'ReservationStatus' tan─▒m─▒ i├ğermiyor ve 'Reservation' t├╝r├╝nde bir ilk ba─ş─▒ms─▒z de─şi┼şken kabul eden hi├ğbir eri┼şilebilir 'ReservationStatus' geni┼şletme y├Ântemi bulunamad─▒ (bir kullanma y├Ânergeniz veya derleme ba┼şvurunuz eksik olabilir mi?) [C:\Users\Abdurrahman\Desktop\BilgeHotelNtierArchtitecture\Presentation\Presentation.csproj]
C:\Users\Abdurrahman\Desktop\BilgeHotelNtierArchtitecture\Presentation\Views\Reservation\Edit.cshtml(85,53): error CS1061: 'Reservation' bir 'ReservationStatus' tan─▒m─▒ i├ğermiyor ve 'Reservation' t├╝r├╝nde bir ilk ba─ş─▒ms─▒z de─şi┼şken kabul eden hi├ğbir eri┼şilebilir 'ReservationStatus' geni┼şletme y├Ântemi bulunamad─▒ (bir kullanma y├Ânergeniz veya derleme ba┼şvurunuz eksik olabilir mi?) [C:\Users\Abdurrahman\Desktop\BilgeHotelNtierArchtitecture\Presentation\Presentation.csproj]
C:\Users\Abdurrahman\Desktop\BilgeHotelNtierArchtitecture\Presentation\Views\Reservation\Edit.cshtml(86,54): error CS1061: 'Reservation' bir 'ReservationStatus' tan─▒m─▒ i├ğermiyor ve 'Reservation' t├╝r├╝nde bir ilk ba─ş─▒ms─▒z de─şi┼şken kabul eden hi├ğbir eri┼şilebilir 'ReservationStatus' geni┼şletme y├Ântemi bulunamad─▒ (bir kullanma y├Ânergeniz veya derleme ba┼şvurunuz eksik olabilir mi?) [C:\Users\Abdurrahman\Desktop\BilgeHotelNtierArchtitecture\Presentation\Presentation.csproj]
C:\Users\Abdurrahman\Desktop\BilgeHotelNtierArchtitecture\Presentation\Views\Reservation\Edit.cshtml(89,63): error CS1061: 'Reservation' bir 'ReservationStatus' tan─▒m─▒ i├ğermiyor ve 'Reservation' t├╝r├╝nde bir ilk ba─ş─▒ms─▒z de─şi┼şken kabul eden hi├ğbir eri┼şilebilir 'ReservationStatus' geni┼şletme y├Ântemi bulunamad─▒ (bir kullanma y├Ânergeniz veya derleme ba┼şvurunuz eksik olabilir mi?) [C:\Users\Abdurrahman\Desktop\BilgeHotelNtierArchtitecture\Presentation\Presentation.csproj]
C:\Users\Abdurrahman\Desktop\BilgeHotelNtierArchtitecture\Presentation\Views\Home\Reservasyonlar─▒m.cshtml(35,67): warning CS8602: Olas─▒ bir null ba┼şvurunun ba┼şvurma i┼şlemi. [C:\Users\Abdurrahman\Desktop\BilgeHotelNtierArchtitecture\Presentation\Presentation.csproj]
C:\Users\Abdurrahman\Desktop\BilgeHotelNtierArchtitecture\Presentation\Views\Home\Reservasyonlar─▒m.cshtml(36,67): warning CS8602: Olas─▒ bir null ba┼şvurunun ba┼şvurma i┼şlemi. [C:\Users\Abdurrahman\Desktop\BilgeHotelNtierArchtitecture\Presentation\Presentation.csproj]
C:\Users\Abdurrahman\Desktop\BilgeHotelNtierArchtitecture\Presentation\Views\Home\Reservasyonlar─▒m.cshtml(37,67): warning CS8602: Olas─▒ bir null ba┼şvurunun ba┼şvurma i┼şlemi. [C:\Users\Abdurrahman\Desktop\BilgeHotelNtierArchtitecture\Presentation\Presentation.csproj]
C:\Users\Abdurrahman\Desktop\BilgeHotelNtierArchtitecture\Presentation\Views\Home\Reservasyonlar─▒m.cshtml(38,67): warning CS8602: Olas─▒ bir null ba┼şvurunun ba┼şvurma i┼şlemi. [C:\Users\Abdurrahman\Desktop\BilgeHotelNtierArchtitecture\Presentation\Presentation.csproj]
C:\Users\Abdurrahman\Desktop\BilgeHotelNtierArchtitecture\Presentation\Views\Home\Reservasyonlar─▒m.cshtml(39,67): warning CS8602: Olas─▒ bir null ba┼şvurunun ba┼şvurma i┼şlemi. [C:\Users\Abdurrahman\Desktop\BilgeHotelNtierArchtitecture\Presentation\Presentation.csproj]
C:\Users\Abdurrahman\Desktop\BilgeHotelNtierArchtitecture\Presentation\Views\Home\Delete.cshtml(51,49): error CS1061: 'Reservation' bir 'status' tan─▒m─▒ i├ğermiyor ve 'Reservation' t├╝r├╝nde bir ilk ba─ş─▒ms─▒z de─şi┼şken kabul eden hi├ğbir eri┼şilebilir 'status' geni┼şletme y├Ântemi bulunamad─▒ (bir kullanma y├Ânergeniz veya derleme ba┼şvurunuz eksik olabilir mi?) [C:\Users\Abdurrahman\Desktop\BilgeHotelNtierArchtitecture\Presentation\Presentation.csproj]
C:\Users\Abdurrahman\Desktop\BilgeHotelNtierArchtitecture\Presentation\Views\Home\Delete.cshtml(54,45): error CS1061: 'Reservation' bir 'status' tan─▒m─▒ i├ğermiyor ve 'Reservation' t├╝r├╝nde bir ilk ba─ş─▒ms─▒z de─şi┼şken kabul eden hi├ğbir eri┼şilebilir 'status' geni┼şletme y├Ântemi bulunamad─▒ (bir kullanma y├Ânergeniz veya derleme ba┼şvurunuz eksik olabilir mi?) [C:\Users\Abdurrahman\Desktop\BilgeHotelNtierArchtitecture\Presentation\Presentation.csproj]
C:\Users\Abdurrahman\Desktop\BilgeHotelNtierArchtitecture\Presentation\Views\Home\Delete.cshtml(60,39): warning CS8602: Olas─▒ bir null ba┼şvurunun ba┼şvurma i┼şlemi. [C:\Users\Abdurrahman\Desktop\BilgeHotelNtierArchtitecture\Presentation\Presentation.csproj]
C:\Users\Abdurrahman\Desktop\BilgeHotelNtierArchtitecture\Presentation\Views\Home\Delete.cshtml(66,39): warning CS8602: Olas─▒ bir null ba┼şvurunun ba┼şvurma i┼şlemi. [C:\Users\Abdurrahman\Desktop\BilgeHotelNtierArchtitecture\Presentation\Presentation.csproj]
C:\Users\Abdurrahman\Desktop\BilgeHotelNtierArchtitecture\Presentation\Views\Home\DeleteReservations.cshtml(40,49): error CS1061: 'Reservation' bir 'status' tan─▒m─▒ i├ğermiyor ve 'Reservation' t├╝r├╝nde bir ilk ba─ş─▒ms─▒z de─şi┼şken kabul eden hi├ğbir eri┼şilebilir 'status' geni┼şletme y├Ântemi bulunamad─▒ (bir kullanma y├Ânergeniz veya derleme ba┼şvurunuz eksik olabilir mi?) [C:\Users\Abdurrahman\Desktop\BilgeHotelNtierArchtitecture\Presentation\Presentation.csproj]
C:\Users\Abdurrahman\Desktop\BilgeHotelNtierArchtitecture\Presentation\Views\Home\DeleteReservations.cshtml(43,45): error CS1061: 'Reservation' bir 'status' tan─▒m─▒ i├ğermiyor ve 'Reservation' t├╝r├╝nde bir ilk ba─ş─▒ms─▒z de─şi┼şken kabul eden hi├ğbir eri┼şilebilir 'status' geni┼şletme y├Ântemi bulunamad─▒ (bir kullanma y├Ânergeniz veya derleme ba┼şvurunuz eksik olabilir mi?) [C:\Users\Abdurrahman\Desktop\BilgeHotelNtierArchtitecture\Presentation\Presentation.csproj]
C:\Users\Abdurrahman\Desktop\BilgeHotelNtierArchtitecture\Presentation\Views\Home\DeleteReservations.cshtml(49,39): warning CS8602: Olas─▒ bir null ba┼şvurunun ba┼şvurma i┼şlemi. [C:\Users\Abdurrahman\Desktop\BilgeHotelNtierArchtitecture\Presentation\Presentation.csproj]
C:\Users\Abdurrahman\Desktop\BilgeHotelNtierArchtitecture\Presentation\Views\Home\DeleteReservations.cshtml(55,39): warning CS8602: Olas─▒ bir null ba┼şvurunun ba┼şvurma i┼şlemi. [C:\Users\Abdurrahman\Desktop\BilgeHotelNtierArchtitecture\Presentation\Presentation.csproj]
C:\Users\Abdurrahman\Desktop\BilgeHotelNtierArchtitecture\Presentation\Areas\Dashboard\Views\Reservations\Edit.cshtml(84,33): error CS1061: 'Reservation' bir 'ReservationStatus' tan─▒m─▒ i├ğermiyor ve 'Reservation' t├╝r├╝nde bir ilk ba─ş─▒ms─▒z de─şi┼şken kabul eden hi├ğbir eri┼şilebilir 'ReservationStatus' geni┼şletme y├Ântemi bulunamad─▒ (bir kullanma y├Ânergeniz veya derleme ba┼şvurunuz eksik olabilir mi?) [C:\Users\Abdurrahman\Desktop\BilgeHotelNtierArchtitecture\Presentation\Presentation.csproj]
C:\Users\Abdurrahman\Desktop\BilgeHotelNtierArchtitecture\Presentation\Areas\Dashboard\Views\Reservations\Edit.cshtml(85,34): error CS1061: 'Reservation' bir 'ReservationStatus' tan─▒m─▒ i├ğermiyor ve 'Reservation' t├╝r├╝nde bir ilk ba─ş─▒ms─▒z de─şi┼şken kabul eden hi├ğbir eri┼şilebilir 'ReservationStatus' geni┼şletme y├Ântemi bulunamad─▒ (bir kullanma y├Ânergeniz veya derleme ba┼şvurunuz eksik olabilir mi?) [C:\Users\Abdurrahman\Desktop\BilgeHotelNtierArchtitecture\Presentation\Presentation.csproj]
C:\Users\Abdurrahman\Desktop\BilgeHotelNtierArchtitecture\Presentation\Areas\Dashboard\Views\Reservations\Edit.cshtml(88,43): error CS1061: 'Reservation' bir 'ReservationStatus' tan─▒m─▒ i├ğermiyor ve 'Reservation' t├╝r├╝nde bir ilk ba─ş─▒ms─▒z de─şi┼şken kabul eden hi├ğbir eri┼şilebilir 'ReservationStatus' geni┼şletme y├Ântemi bulunamad─▒ (bir kullanma y├Ânergeniz veya derleme ba┼şvurunuz eksik olabilir mi?) [C:\Users\Abdurrahman\Desktop\BilgeHotelNtierArchtitecture\Presentation\Presentation.csproj]
C:\Users\Abdurrahman\Desktop\BilgeHotelNtierArchtitecture\Presentation\Areas\Dashboard\Views\Shared\_DashboardLayout2.cshtml(171,38): warning CS8602: Olas─▒ bir null ba┼şvurunun ba┼şvurma i┼şlemi. [C:\Users\Abdurrahman\Desktop\BilgeHotelNtierArchtitecture\Presentation\Presentation.csproj]
C:\Users\Abdurrahman\Desktop\BilgeHotelNtierArchtitecture\Presentation\Views\Home\Edit.cshtml(46,33): error CS1061: 'Reservation' bir 'status' tan─▒m─▒ i├ğermiyor ve 'Reservation' t├╝r├╝nde bir ilk ba─ş─▒ms─▒z de─şi┼şken kabul eden hi├ğbir eri┼şilebilir 'status' geni┼şletme y├Ântemi bulunamad─▒ (bir kullanma y├Ânergeniz veya derleme ba┼şvurunuz eksik olabilir mi?) [C:\Users\Abdurrahman\Desktop\BilgeHotelNtierArchtitecture\Presentation\Presentation.csproj]
C:\Users\Abdurrahman\Desktop\BilgeHotelNtierArchtitecture\Presentation\Views\Home\Edit.cshtml(47,34): error CS1061: 'Reservation' bir 'status' tan─▒m─▒ i├ğermiyor ve 'Reservation' t├╝r├╝nde bir ilk ba─ş─▒ms─▒z de─şi┼şken kabul eden hi├ğbir eri┼şilebilir 'status' geni┼şletme y├Ântemi bulunamad─▒ (bir kullanma y├Ânergeniz veya derleme ba┼şvurunuz eksik olabilir mi?) [C:\Users\Abdurrahman\Desktop\BilgeHotelNtierArchtitecture\Presentation\Presentation.csproj]
C:\Users\Abdurrahman\Desktop\BilgeHotelNtierArchtitecture\Presentation\Views\Home\Edit.cshtml(48,43): error CS1061: 'Reservation' bir 'status' tan─▒m─▒ i├ğermiyor ve 'Reservation' t├╝r├╝nde bir ilk ba─ş─▒ms─▒z de─şi┼şken kabul eden hi├ğbir eri┼şilebilir 'status' geni┼şletme y├Ântemi bulunamad─▒ (bir kullanma y├Ânergeniz veya derleme ba┼şvurunuz eksik olabilir mi?) [C:\Users\Abdurrahman\Desktop\BilgeHotelNtierArchtitecture\Presentation\Presentation.csproj]
C:\Users\Abdurrahman\Desktop\BilgeHotelNtierArchtitecture\Presentation\Areas\Dashboard\Views\Rooms\Edit.cshtml(52,62): warning CS8073: 'DateTime' t├╝r├╝n├╝n de─şeri asla 'DateTime?' t├╝r├╝n├╝n 'null' de─şerine e┼şit olmad─▒─ş─▒ndan ifadenin sonucu her zaman 'true' [C:\Users\Abdurrahman\Desktop\BilgeHotelNtierArchtitecture\Presentation\Presentation.csproj]
C:\Users\Abdurrahman\Desktop\BilgeHotelNtierArchtitecture\Presentation\Areas\Dashboard\Views\Rooms\Edit.cshtml(53,63): warning CS8073: 'DateTime' t├╝r├╝n├╝n de─şeri asla 'DateTime?' t├╝r├╝n├╝n 'null' de─şerine e┼şit olmad─▒─ş─▒ndan ifadenin sonucu her zaman 'true' [C:\Users\Abdurrahman\Desktop\BilgeHotelNtierArchtitecture\Presentation\Presentation.csproj]
C:\Users\Abdurrahman\Desktop\BilgeHotelNtierArchtitecture\Presentation\Views\Home\EditReservations.cshtml(102,45): error CS1061: 'Reservation' bir 'ReservationStatus' tan─▒m─▒ i├ğermiyor ve 'Reservation' t├╝r├╝nde bir ilk ba─ş─▒ms─▒z de─şi┼şken kabul eden hi├ğbir eri┼şilebilir 'ReservationStatus' geni┼şletme y├Ântemi bulunamad─▒ (bir kullanma y├Ânergeniz veya derleme ba┼şvurunuz eksik olabilir mi?) [C:\Users\Abdurrahman\Desktop\BilgeHotelNtierArchtitecture\Presentation\Presentation.csproj]
C:\Users\Abdurrahman\Desktop\BilgeHotelNtierArchtitecture\Presentation\Views\Home\EditReservations.cshtml(103,46): error CS1061: 'Reservation' bir 'ReservationStatus' tan─▒m─▒ i├ğermiyor ve 'Reservation' t├╝r├╝nde bir ilk ba─ş─▒ms─▒z de─şi┼şken kabul eden hi├ğbir eri┼şilebilir 'ReservationStatus' geni┼şletme y├Ântemi bulunamad─▒ (bir kullanma y├Ânergeniz veya derleme ba┼şvurunuz eksik olabilir mi?) [C:\Users\Abdurrahman\Desktop\BilgeHotelNtierArchtitecture\Presentation\Presentation.csproj]
C:\Users\Abdurrahman\Desktop\BilgeHotelNtierArchtitecture\Presentation\Views\Home\EditReservations.cshtml(106,55): error CS1061: 'Reservation' bir 'ReservationStatus' tan─▒m─▒ i├ğermiyor ve 'Reservation' t├╝r├╝nde bir ilk ba─ş─▒ms─▒z de─şi┼şken kabul eden hi├ğbir eri┼şilebilir 'ReservationStatus' geni┼şletme y├Ântemi bulunamad─▒ (bir kullanma y├Ânergeniz veya derleme ba┼şvurunuz eksik olabilir mi?) [C:\Users\Abdurrahman\Desktop\BilgeHotelNtierArchtitecture\Presentation\Presentation.csproj]
C:\Users\Abdurrahman\Desktop\BilgeHotelNtierArchtitecture\Presentation\Views\Shared\_Layout.cshtml(39,10): warning MVC1000: Use of IHtmlHelper.Partial may result in application deadlocks. Consider using <partial> Tag Helper or IHtmlHelper.PartialAsync. [C:\Users\Abdurrahman\Desktop\BilgeHotelNtierArchtitecture\Presentation\Presentation.csproj]
C:\Users\Abdurrahman\Desktop\BilgeHotelNtierArchtitecture\Presentation\Program.cs(47,5): warning ASP0014: Suggest using top level route registrations instead of UseEndpoints (https://aka.ms/aspnet/analyzers) [C:\Users\Abdurrahman\Desktop\BilgeHotelNtierArchtitecture\Presentation\Presentation.csproj]
C:\Users\Abdurrahman\Desktop\BilgeHotelNtierArchtitecture\Presentation\Views\Home\Index.cshtml(33,2): warning MVC1000: Use of IHtmlHelper.Partial may result in application deadlocks. Consider using <partial> Tag Helper or IHtmlHelper.PartialAsync. [C:\Users\Abdurrahman\Desktop\BilgeHotelNtierArchtitecture\Presentation\Presentation.csproj]
C:\Users\Abdurrahman\Desktop\BilgeHotelNtierArchtitecture\Presentation\Views\Home\Index.cshtml(37,2): warning MVC1000: Use of IHtmlHelper.Partial may result in application deadlocks. Consider using <partial> Tag Helper or IHtmlHelper.PartialAsync. [C:\Users\Abdurrahman\Desktop\BilgeHotelNtierArchtitecture\Presentation\Presentation.csproj]
C:\Users\Abdurrahman\Desktop\BilgeHotelNtierArchtitecture\Presentation\Views\Home\Index.cshtml(41,2): warning MVC1000: Use of IHtmlHelper.Partial may result in application deadlocks. Consider using <partial> Tag Helper or IHtmlHelper.PartialAsync. [C:\Users\Abdurrahman\Desktop\BilgeHotelNtierArchtitecture\Presentation\Presentation.csproj]
C:\Users\Abdurrahman\Desktop\BilgeHotelNtierArchtitecture\Presentation\Views\Home\Index.cshtml(45,2): warning MVC1000: Use of IHtmlHelper.Partial may result in application deadlocks. Consider using <partial> Tag Helper or IHtmlHelper.PartialAsync. [C:\Users\Abdurrahman\Desktop\BilgeHotelNtierArchtitecture\Presentation\Presentation.csproj]
C:\Users\Abdurrahman\Desktop\BilgeHotelNtierArchtitecture\Presentation\Views\Home\Index.cshtml(50,2): warning MVC1000: Use of IHtmlHelper.Partial may result in application deadlocks. Consider using <partial> Tag Helper or IHtmlHelper.PartialAsync. [C:\Users\Abdurrahman\Desktop\BilgeHotelNtierArchtitecture\Presentation\Presentation.csproj]
C:\Users\Abdurrahman\Desktop\BilgeHotelNtierArchtitecture\Presentation\Views\Home\Index.cshtml(54,2): warning MVC1000: Use of IHtmlHelper.Partial may result in application deadlocks. Consider using <partial> Tag Helper or IHtmlHelper.PartialAsync. [C:\Users\Abdurrahman\Desktop\BilgeHotelNtierArchtitecture\Presentation\Presentation.csproj]
C:\Users\Abdurrahman\Desktop\BilgeHotelNtierArchtitecture\Presentation\Views\Home\Index.cshtml(58,2): warning MVC1000: Use of IHtmlHelper.Partial may result in application deadlocks. Consider using <partial> Tag Helper or IHtmlHelper.PartialAsync. [C:\Users\Abdurrahman\Desktop\BilgeHotelNtierArchtitecture\Presentation\Presentation.csproj]
C:\Users\Abdurrahman\Desktop\BilgeHotelNtierArchtitecture\Presentation\Views\Home\Index.cshtml(62,2): warning MVC1000: Use of IHtmlHelper.Partial may result in application deadlocks. Consider using <partial> Tag Helper or IHtmlHelper.PartialAsync. [C:\Users\Abdurrahman\Desktop\BilgeHotelNtierArchtitecture\Presentation\Presentation.csproj]
C:\Users\Abdurrahman\Desktop\BilgeHotelNtierArchtitecture\Presentation\Views\Home\Index.cshtml(66,2): warning MVC1000: Use of IHtmlHelper.Partial may result in application deadlocks. Consider using <partial> Tag Helper or IHtmlHelper.PartialAsync. [C:\Users\Abdurrahman\Desktop\BilgeHotelNtierArchtitecture\Presentation\Presentation.csproj]
C:\Users\Abdurrahman\Desktop\BilgeHotelNtierArchtitecture\Presentation\Views\Home\Index.cshtml(70,2): warning MVC1000: Use of IHtmlHelper.Partial may result in application deadlocks. Consider using <partial> Tag Helper or IHtmlHelper.PartialAsync. [C:\Users\Abdurrahman\Desktop\BilgeHotelNtierArchtitecture\Presentation\Presentation.csproj]
C:\Users\Abdurrahman\Desktop\BilgeHotelNtierArchtitecture\Presentation\Views\Home\Index.cshtml(74,2): warning MVC1000: Use of IHtmlHelper.Partial may result in application deadlocks. Consider using <partial> Tag Helper or IHtmlHelper.PartialAsync. [C:\Users\Abdurrahman\Desktop\BilgeHotelNtierArchtitecture\Presentation\Presentation.csproj]
C:\Users\Abdurrahman\Desktop\BilgeHotelNtierArchtitecture\Presentation\Areas\Dashboard\Views\Shared\_DashboardLayout2.cshtml(69,14): warning MVC1000: Use of IHtmlHelper.Partial may result in application deadlocks. Consider using <partial> Tag Helper or IHtmlHelper.PartialAsync. [C:\Users\Abdurrahman\Desktop\BilgeHotelNtierArchtitecture\Presentation\Presentation.csproj]

Olu┼şturma BA┼ŞARISIZ OLDU.

C:\Users\Abdurrahman\Desktop\BilgeHotelNtierArchtitecture\ManagementWinForms\ManagementWinForms\DatabaseConfigurationForm.cs(14,77): warning CS8625: Null sabit de─şer, bo┼ş de─şer atanamayan ba┼şvuru t├╝r├╝ne d├Ân├╝┼şt├╝r├╝lemiyor. [C:\Users\Abdurrahman\Desktop\BilgeHotelNtierArchtitecture\ManagementWinForms\ManagementWinForms\ManagementWinForms.csproj]
C:\Users\Abdurrahman\Desktop\BilgeHotelNtierArchtitecture\ManagementWinForms\ManagementWinForms\CreateBackupForm.cs(13,12): warning CS8618: Null atanamaz alan 'txtDescription', olu┼şturucudan ├ğ─▒k─▒┼ş yaparken null olmayan bir de─şer i├ğermelidir. 'Gerekli' de─şi┼ştiricisini ekleyin veya alan de─şerini null atanabilir olarak bildirmeyi g├Âz ├Ân├╝nde bulundurun. [C:\Users\Abdurrahman\Desktop\BilgeHotelNtierArchtitecture\ManagementWinForms\ManagementWinForms\ManagementWinForms.csproj]
C:\Users\Abdurrahman\Desktop\BilgeHotelNtierArchtitecture\ManagementWinForms\ManagementWinForms\ReservationEditForm.cs(17,16): warning CS8618: Null atanamaz alan '_reservation', olu┼şturucudan ├ğ─▒k─▒┼ş yaparken null olmayan bir de─şer i├ğermelidir. 'Gerekli' de─şi┼ştiricisini ekleyin veya alan de─şerini null atanabilir olarak bildirmeyi g├Âz ├Ân├╝nde bulundurun. [C:\Users\Abdurrahman\Desktop\BilgeHotelNtierArchtitecture\ManagementWinForms\ManagementWinForms\ManagementWinForms.csproj]
C:\Users\Abdurrahman\Desktop\BilgeHotelNtierArchtitecture\ManagementWinForms\ManagementWinForms\ReservationManagementForm.cs(17,16): warning CS8618: Null atanamaz alan '_allReservations', olu┼şturucudan ├ğ─▒k─▒┼ş yaparken null olmayan bir de─şer i├ğermelidir. 'Gerekli' de─şi┼ştiricisini ekleyin veya alan de─şerini null atanabilir olarak bildirmeyi g├Âz ├Ân├╝nde bulundurun. [C:\Users\Abdurrahman\Desktop\BilgeHotelNtierArchtitecture\ManagementWinForms\ManagementWinForms\ManagementWinForms.csproj]
C:\Users\Abdurrahman\Desktop\BilgeHotelNtierArchtitecture\ManagementWinForms\ManagementWinForms\WebPricingManagementForm.cs(16,16): warning CS8618: Null atanamaz alan '_roomPricings', olu┼şturucudan ├ğ─▒k─▒┼ş yaparken null olmayan bir de─şer i├ğermelidir. 'Gerekli' de─şi┼ştiricisini ekleyin veya alan de─şerini null atanabilir olarak bildirmeyi g├Âz ├Ân├╝nde bulundurun. [C:\Users\Abdurrahman\Desktop\BilgeHotelNtierArchtitecture\ManagementWinForms\ManagementWinForms\ManagementWinForms.csproj]
C:\Users\Abdurrahman\Desktop\BilgeHotelNtierArchtitecture\ManagementWinForms\ManagementWinForms\CreateBackupForm.cs(39,35): warning CS8622: Muhtemelen null atanabilirlik ├Âznitelikleri nedeniyle, 'sender' parametresinin 'void CreateBackupForm.btnCreate_Click(object sender, EventArgs e)' t├╝r├╝ndeki ba┼şvuru t├╝rlerinin null atanabilirli─şi 'EventHandler' hedef temsilcisiyle e┼şle┼şmiyor. [C:\Users\Abdurrahman\Desktop\BilgeHotelNtierArchtitecture\ManagementWinForms\ManagementWinForms\ManagementWinForms.csproj]
C:\Users\Abdurrahman\Desktop\BilgeHotelNtierArchtitecture\ManagementWinForms\ManagementWinForms\CreateBackupForm.cs(45,35): warning CS8622: Muhtemelen null atanabilirlik ├Âznitelikleri nedeniyle, 'sender' parametresinin 'void CreateBackupForm.btnCancel_Click(object sender, EventArgs e)' t├╝r├╝ndeki ba┼şvuru t├╝rlerinin null atanabilirli─şi 'EventHandler' hedef temsilcisiyle e┼şle┼şmiyor. [C:\Users\Abdurrahman\Desktop\BilgeHotelNtierArchtitecture\ManagementWinForms\ManagementWinForms\ManagementWinForms.csproj]
C:\Users\Abdurrahman\Desktop\BilgeHotelNtierArchtitecture\ManagementWinForms\ManagementWinForms\WebPricingManagementForm.cs(194,23): warning CS8618: Null atanamaz ├Âzellik 'UpdatedBy', olu┼şturucudan ├ğ─▒k─▒┼ş yaparken null olmayan bir de─şer i├ğermelidir. 'Gerekli' de─şi┼ştiricisini ekleyin veya ├Âzellik de─şerini null atanabilir olarak bildirmeyi g├Âz ├Ân├╝nde bulundurun. [C:\Users\Abdurrahman\Desktop\BilgeHotelNtierArchtitecture\ManagementWinForms\ManagementWinForms\ManagementWinForms.csproj]
C:\Users\Abdurrahman\Desktop\BilgeHotelNtierArchtitecture\ManagementWinForms\ManagementWinForms\ReservationEditForm.cs(68,40): warning CS8622: Muhtemelen null atanabilirlik ├Âznitelikleri nedeniyle, 'sender' parametresinin 'void ReservationEditForm.CalculateTotal(object sender, EventArgs e)' t├╝r├╝ndeki ba┼şvuru t├╝rlerinin null atanabilirli─şi 'EventHandler' hedef temsilcisiyle e┼şle┼şmiyor. [C:\Users\Abdurrahman\Desktop\BilgeHotelNtierArchtitecture\ManagementWinForms\ManagementWinForms\ManagementWinForms.csproj]
C:\Users\Abdurrahman\Desktop\BilgeHotelNtierArchtitecture\ManagementWinForms\ManagementWinForms\ReservationEditForm.cs(69,41): warning CS8622: Muhtemelen null atanabilirlik ├Âznitelikleri nedeniyle, 'sender' parametresinin 'void ReservationEditForm.CalculateTotal(object sender, EventArgs e)' t├╝r├╝ndeki ba┼şvuru t├╝rlerinin null atanabilirli─şi 'EventHandler' hedef temsilcisiyle e┼şle┼şmiyor. [C:\Users\Abdurrahman\Desktop\BilgeHotelNtierArchtitecture\ManagementWinForms\ManagementWinForms\ManagementWinForms.csproj]
C:\Users\Abdurrahman\Desktop\BilgeHotelNtierArchtitecture\ManagementWinForms\ManagementWinForms\ReservationEditForm.cs(70,52): warning CS8622: Muhtemelen null atanabilirlik ├Âznitelikleri nedeniyle, 'sender' parametresinin 'void ReservationEditForm.CalculateTotal(object sender, EventArgs e)' t├╝r├╝ndeki ba┼şvuru t├╝rlerinin null atanabilirli─şi 'EventHandler' hedef temsilcisiyle e┼şle┼şmiyor. [C:\Users\Abdurrahman\Desktop\BilgeHotelNtierArchtitecture\ManagementWinForms\ManagementWinForms\ManagementWinForms.csproj]
C:\Users\Abdurrahman\Desktop\BilgeHotelNtierArchtitecture\ManagementWinForms\ManagementWinForms\WebPricingManagementForm.cs(82,42): warning CS8622: Muhtemelen null atanabilirlik ├Âznitelikleri nedeniyle, 'sender' parametresinin 'void WebPricingManagementForm.dgvRoomPricings_CellClick(object sender, DataGridViewCellEventArgs e)' t├╝r├╝ndeki ba┼şvuru t├╝rlerinin null atanabilirli─şi 'DataGridViewCellEventHandler' hedef temsilcisiyle e┼şle┼şmiyor. [C:\Users\Abdurrahman\Desktop\BilgeHotelNtierArchtitecture\ManagementWinForms\ManagementWinForms\ManagementWinForms.csproj]
C:\Users\Abdurrahman\Desktop\BilgeHotelNtierArchtitecture\ManagementWinForms\ManagementWinForms\ReservationEditForm.cs(77,80): warning CS8604: 'object Enum.Parse(Type enumType, string value)' i├ğindeki 'value' parametresi i├ğin olas─▒ null ba┼şvuru ba─ş─▒ms─▒z de─şi┼şkeni. [C:\Users\Abdurrahman\Desktop\BilgeHotelNtierArchtitecture\ManagementWinForms\ManagementWinForms\ManagementWinForms.csproj]
C:\Users\Abdurrahman\Desktop\BilgeHotelNtierArchtitecture\ManagementWinForms\ManagementWinForms\ReservationEditForm.cs(94,20): warning CS8603: Olas─▒ null ba┼şvuru d├Ân├╝┼ş├╝. [C:\Users\Abdurrahman\Desktop\BilgeHotelNtierArchtitecture\ManagementWinForms\ManagementWinForms\ManagementWinForms.csproj]
C:\Users\Abdurrahman\Desktop\BilgeHotelNtierArchtitecture\ManagementWinForms\ManagementWinForms\ReservationEditForm.cs(103,89): warning CS8602: Olas─▒ bir null ba┼şvurunun ba┼şvurma i┼şlemi. [C:\Users\Abdurrahman\Desktop\BilgeHotelNtierArchtitecture\ManagementWinForms\ManagementWinForms\ManagementWinForms.csproj]
C:\Users\Abdurrahman\Desktop\BilgeHotelNtierArchtitecture\ManagementWinForms\ManagementWinForms\ReservationEditForm.cs(103,89): warning CS8604: 'object Enum.Parse(Type enumType, string value)' i├ğindeki 'value' parametresi i├ğin olas─▒ null ba┼şvuru ba─ş─▒ms─▒z de─şi┼şkeni. [C:\Users\Abdurrahman\Desktop\BilgeHotelNtierArchtitecture\ManagementWinForms\ManagementWinForms\ManagementWinForms.csproj]
C:\Users\Abdurrahman\Desktop\BilgeHotelNtierArchtitecture\ManagementWinForms\ManagementWinForms\ReservationEditForm.cs(105,96): warning CS8602: Olas─▒ bir null ba┼şvurunun ba┼şvurma i┼şlemi. [C:\Users\Abdurrahman\Desktop\BilgeHotelNtierArchtitecture\ManagementWinForms\ManagementWinForms\ManagementWinForms.csproj]
C:\Users\Abdurrahman\Desktop\BilgeHotelNtierArchtitecture\ManagementWinForms\ManagementWinForms\ReservationEditForm.cs(105,96): warning CS8604: 'object Enum.Parse(Type enumType, string value)' i├ğindeki 'value' parametresi i├ğin olas─▒ null ba┼şvuru ba─ş─▒ms─▒z de─şi┼şkeni. [C:\Users\Abdurrahman\Desktop\BilgeHotelNtierArchtitecture\ManagementWinForms\ManagementWinForms\ManagementWinForms.csproj]
C:\Users\Abdurrahman\Desktop\BilgeHotelNtierArchtitecture\Presentation\Models\PaymentAPITools\ResponseModels\PaymentCheckoutResponseModel.cs(6,23): warning CS8618: Null atanamaz ├Âzellik 'Message', olu┼şturucudan ├ğ─▒k─▒┼ş yaparken null olmayan bir de─şer i├ğermelidir. 'Gerekli' de─şi┼ştiricisini ekleyin veya ├Âzellik de─şerini null atanabilir olarak bildirmeyi g├Âz ├Ân├╝nde bulundurun. [C:\Users\Abdurrahman\Desktop\BilgeHotelNtierArchtitecture\Presentation\Presentation.csproj]
C:\Users\Abdurrahman\Desktop\BilgeHotelNtierArchtitecture\Presentation\Models\UserDetailsViewModel.cs(6,23): warning CS8618: Null atanamaz ├Âzellik 'UserName', olu┼şturucudan ├ğ─▒k─▒┼ş yaparken null olmayan bir de─şer i├ğermelidir. 'Gerekli' de─şi┼ştiricisini ekleyin veya ├Âzellik de─şerini null atanabilir olarak bildirmeyi g├Âz ├Ân├╝nde bulundurun. [C:\Users\Abdurrahman\Desktop\BilgeHotelNtierArchtitecture\Presentation\Presentation.csproj]
C:\Users\Abdurrahman\Desktop\BilgeHotelNtierArchtitecture\Presentation\Models\UserDetailsViewModel.cs(7,23): warning CS8618: Null atanamaz ├Âzellik 'Email', olu┼şturucudan ├ğ─▒k─▒┼ş yaparken null olmayan bir de─şer i├ğermelidir. 'Gerekli' de─şi┼ştiricisini ekleyin veya ├Âzellik de─şerini null atanabilir olarak bildirmeyi g├Âz ├Ân├╝nde bulundurun. [C:\Users\Abdurrahman\Desktop\BilgeHotelNtierArchtitecture\Presentation\Presentation.csproj]
C:\Users\Abdurrahman\Desktop\BilgeHotelNtierArchtitecture\Presentation\Models\UserDetailsViewModel.cs(8,23): warning CS8618: Null atanamaz ├Âzellik 'PhoneNumber', olu┼şturucudan ├ğ─▒k─▒┼ş yaparken null olmayan bir de─şer i├ğermelidir. 'Gerekli' de─şi┼ştiricisini ekleyin veya ├Âzellik de─şerini null atanabilir olarak bildirmeyi g├Âz ├Ân├╝nde bulundurun. [C:\Users\Abdurrahman\Desktop\BilgeHotelNtierArchtitecture\Presentation\Presentation.csproj]
C:\Users\Abdurrahman\Desktop\BilgeHotelNtierArchtitecture\Presentation\Models\UserDetailsViewModel.cs(9,23): warning CS8618: Null atanamaz ├Âzellik 'Role', olu┼şturucudan ├ğ─▒k─▒┼ş yaparken null olmayan bir de─şer i├ğermelidir. 'Gerekli' de─şi┼ştiricisini ekleyin veya ├Âzellik de─şerini null atanabilir olarak bildirmeyi g├Âz ├Ân├╝nde bulundurun. [C:\Users\Abdurrahman\Desktop\BilgeHotelNtierArchtitecture\Presentation\Presentation.csproj]
C:\Users\Abdurrahman\Desktop\BilgeHotelNtierArchtitecture\Presentation\Models\ShoppingTools\CartItem.cs(5,19): warning CS8618: Null atanamaz ├Âzellik 'RoomDescription', olu┼şturucudan ├ğ─▒k─▒┼ş yaparken null olmayan bir de─şer i├ğermelidir. 'Gerekli' de─şi┼ştiricisini ekleyin veya ├Âzellik de─şerini null atanabilir olarak bildirmeyi g├Âz ├Ân├╝nde bulundurun. [C:\Users\Abdurrahman\Desktop\BilgeHotelNtierArchtitecture\Presentation\Presentation.csproj]
C:\Users\Abdurrahman\Desktop\BilgeHotelNtierArchtitecture\Presentation\Models\SessionService\SessionExtension.cs(16,35): warning CS8600: Null sabit de─şeri veya olas─▒ null de─şeri, bo┼ş de─şer atanamaz t├╝re d├Ân├╝┼şt├╝r├╝l├╝yor. [C:\Users\Abdurrahman\Desktop\BilgeHotelNtierArchtitecture\Presentation\Presentation.csproj]
C:\Users\Abdurrahman\Desktop\BilgeHotelNtierArchtitecture\Presentation\Models\SessionService\SessionExtension.cs(19,40): warning CS8600: Null sabit de─şeri veya olas─▒ null de─şeri, bo┼ş de─şer atanamaz t├╝re d├Ân├╝┼şt├╝r├╝l├╝yor. [C:\Users\Abdurrahman\Desktop\BilgeHotelNtierArchtitecture\Presentation\Presentation.csproj]
C:\Users\Abdurrahman\Desktop\BilgeHotelNtierArchtitecture\Presentation\Models\SessionService\SessionExtension.cs(20,24): warning CS8603: Olas─▒ null ba┼şvuru d├Ân├╝┼ş├╝. [C:\Users\Abdurrahman\Desktop\BilgeHotelNtierArchtitecture\Presentation\Presentation.csproj]
C:\Users\Abdurrahman\Desktop\BilgeHotelNtierArchtitecture\Presentation\Models\SessionService\SessionExtension.cs(23,20): warning CS8603: Olas─▒ null ba┼şvuru d├Ân├╝┼ş├╝. [C:\Users\Abdurrahman\Desktop\BilgeHotelNtierArchtitecture\Presentation\Presentation.csproj]
C:\Users\Abdurrahman\Desktop\BilgeHotelNtierArchtitecture\Presentation\Models\ReservationViewModel.cs(22,23): warning CS8618: Null atanamaz ├Âzellik 'RoomNumber', olu┼şturucudan ├ğ─▒k─▒┼ş yaparken null olmayan bir de─şer i├ğermelidir. 'Gerekli' de─şi┼ştiricisini ekleyin veya ├Âzellik de─şerini null atanabilir olarak bildirmeyi g├Âz ├Ân├╝nde bulundurun. [C:\Users\Abdurrahman\Desktop\BilgeHotelNtierArchtitecture\Presentation\Presentation.csproj]
C:\Users\Abdurrahman\Desktop\BilgeHotelNtierArchtitecture\Presentation\Models\ReservationViewModel.cs(23,23): warning CS8618: Null atanamaz ├Âzellik 'RoomDescription', olu┼şturucudan ├ğ─▒k─▒┼ş yaparken null olmayan bir de─şer i├ğermelidir. 'Gerekli' de─şi┼ştiricisini ekleyin veya ├Âzellik de─şerini null atanabilir olarak bildirmeyi g├Âz ├Ân├╝nde bulundurun. [C:\Users\Abdurrahman\Desktop\BilgeHotelNtierArchtitecture\Presentation\Presentation.csproj]
C:\Users\Abdurrahman\Desktop\BilgeHotelNtierArchtitecture\Presentation\Models\ReservationViewModel.cs(26,23): warning CS8618: Null atanamaz ├Âzellik 'RoomType', olu┼şturucudan ├ğ─▒k─▒┼ş yaparken null olmayan bir de─şer i├ğermelidir. 'Gerekli' de─şi┼ştiricisini ekleyin veya ├Âzellik de─şerini null atanabilir olarak bildirmeyi g├Âz ├Ân├╝nde bulundurun. [C:\Users\Abdurrahman\Desktop\BilgeHotelNtierArchtitecture\Presentation\Presentation.csproj]
C:\Users\Abdurrahman\Desktop\BilgeHotelNtierArchtitecture\Presentation\Models\ReservationViewModel.cs(28,23): warning CS8618: Null atanamaz ├Âzellik 'ImageUrl', olu┼şturucudan ├ğ─▒k─▒┼ş yaparken null olmayan bir de─şer i├ğermelidir. 'Gerekli' de─şi┼ştiricisini ekleyin veya ├Âzellik de─şerini null atanabilir olarak bildirmeyi g├Âz ├Ân├╝nde bulundurun. [C:\Users\Abdurrahman\Desktop\BilgeHotelNtierArchtitecture\Presentation\Presentation.csproj]
C:\Users\Abdurrahman\Desktop\BilgeHotelNtierArchtitecture\Presentation\Models\ReservationViewModel.cs(30,23): warning CS8618: Null atanamaz ├Âzellik 'PackageType', olu┼şturucudan ├ğ─▒k─▒┼ş yaparken null olmayan bir de─şer i├ğermelidir. 'Gerekli' de─şi┼ştiricisini ekleyin veya ├Âzellik de─şerini null atanabilir olarak bildirmeyi g├Âz ├Ân├╝nde bulundurun. [C:\Users\Abdurrahman\Desktop\BilgeHotelNtierArchtitecture\Presentation\Presentation.csproj]
C:\Users\Abdurrahman\Desktop\BilgeHotelNtierArchtitecture\Presentation\Models\ReservationViewModel.cs(31,23): warning CS8618: Null atanamaz ├Âzellik 'RoomStatus', olu┼şturucudan ├ğ─▒k─▒┼ş yaparken null olmayan bir de─şer i├ğermelidir. 'Gerekli' de─şi┼ştiricisini ekleyin veya ├Âzellik de─şerini null atanabilir olarak bildirmeyi g├Âz ├Ân├╝nde bulundurun. [C:\Users\Abdurrahman\Desktop\BilgeHotelNtierArchtitecture\Presentation\Presentation.csproj]
C:\Users\Abdurrahman\Desktop\BilgeHotelNtierArchtitecture\Presentation\Models\RegisterViewModel.cs(10,23): warning CS8618: Null atanamaz ├Âzellik 'UserName', olu┼şturucudan ├ğ─▒k─▒┼ş yaparken null olmayan bir de─şer i├ğermelidir. 'Gerekli' de─şi┼ştiricisini ekleyin veya ├Âzellik de─şerini null atanabilir olarak bildirmeyi g├Âz ├Ân├╝nde bulundurun. [C:\Users\Abdurrahman\Desktop\BilgeHotelNtierArchtitecture\Presentation\Presentation.csproj]
C:\Users\Abdurrahman\Desktop\BilgeHotelNtierArchtitecture\Presentation\Models\RegisterViewModel.cs(15,23): warning CS8618: Null atanamaz ├Âzellik 'Email', olu┼şturucudan ├ğ─▒k─▒┼ş yaparken null olmayan bir de─şer i├ğermelidir. 'Gerekli' de─şi┼ştiricisini ekleyin veya ├Âzellik de─şerini null atanabilir olarak bildirmeyi g├Âz ├Ân├╝nde bulundurun. [C:\Users\Abdurrahman\Desktop\BilgeHotelNtierArchtitecture\Presentation\Presentation.csproj]
C:\Users\Abdurrahman\Desktop\BilgeHotelNtierArchtitecture\Presentation\Models\RegisterViewModel.cs(19,23): warning CS8618: Null atanamaz ├Âzellik 'Password', olu┼şturucudan ├ğ─▒k─▒┼ş yaparken null olmayan bir de─şer i├ğermelidir. 'Gerekli' de─şi┼ştiricisini ekleyin veya ├Âzellik de─şerini null atanabilir olarak bildirmeyi g├Âz ├Ân├╝nde bulundurun. [C:\Users\Abdurrahman\Desktop\BilgeHotelNtierArchtitecture\Presentation\Presentation.csproj]
C:\Users\Abdurrahman\Desktop\BilgeHotelNtierArchtitecture\Presentation\Models\RegisterViewModel.cs(24,23): warning CS8618: Null atanamaz ├Âzellik 'ConfirmPassword', olu┼şturucudan ├ğ─▒k─▒┼ş yaparken null olmayan bir de─şer i├ğermelidir. 'Gerekli' de─şi┼ştiricisini ekleyin veya ├Âzellik de─şerini null atanabilir olarak bildirmeyi g├Âz ├Ân├╝nde bulundurun. [C:\Users\Abdurrahman\Desktop\BilgeHotelNtierArchtitecture\Presentation\Presentation.csproj]
C:\Users\Abdurrahman\Desktop\BilgeHotelNtierArchtitecture\Presentation\Models\RegisterViewModel.cs(28,23): warning CS8618: Null atanamaz ├Âzellik 'Address', olu┼şturucudan ├ğ─▒k─▒┼ş yaparken null olmayan bir de─şer i├ğermelidir. 'Gerekli' de─şi┼ştiricisini ekleyin veya ├Âzellik de─şerini null atanabilir olarak bildirmeyi g├Âz ├Ân├╝nde bulundurun. [C:\Users\Abdurrahman\Desktop\BilgeHotelNtierArchtitecture\Presentation\Presentation.csproj]
C:\Users\Abdurrahman\Desktop\BilgeHotelNtierArchtitecture\Presentation\Models\LoginViewModel.cs(12,23): warning CS8618: Null atanamaz ├Âzellik 'UserName', olu┼şturucudan ├ğ─▒k─▒┼ş yaparken null olmayan bir de─şer i├ğermelidir. 'Gerekli' de─şi┼ştiricisini ekleyin veya ├Âzellik de─şerini null atanabilir olarak bildirmeyi g├Âz ├Ân├╝nde bulundurun. [C:\Users\Abdurrahman\Desktop\BilgeHotelNtierArchtitecture\Presentation\Presentation.csproj]
C:\Users\Abdurrahman\Desktop\BilgeHotelNtierArchtitecture\Presentation\Models\LoginViewModel.cs(16,23): warning CS8618: Null atanamaz ├Âzellik 'Password', olu┼şturucudan ├ğ─▒k─▒┼ş yaparken null olmayan bir de─şer i├ğermelidir. 'Gerekli' de─şi┼ştiricisini ekleyin veya ├Âzellik de─şerini null atanabilir olarak bildirmeyi g├Âz ├Ân├╝nde bulundurun. [C:\Users\Abdurrahman\Desktop\BilgeHotelNtierArchtitecture\Presentation\Presentation.csproj]
C:\Users\Abdurrahman\Desktop\BilgeHotelNtierArchtitecture\Presentation\Models\PaymentAPITools\ResponseModels\PaymentProcessResponseModel.cs(6,23): warning CS8618: Null atanamaz ├Âzellik 'Message', olu┼şturucudan ├ğ─▒k─▒┼ş yaparken null olmayan bir de─şer i├ğermelidir. 'Gerekli' de─şi┼ştiricisini ekleyin veya ├Âzellik de─şerini null atanabilir olarak bildirmeyi g├Âz ├Ân├╝nde bulundurun. [C:\Users\Abdurrahman\Desktop\BilgeHotelNtierArchtitecture\Presentation\Presentation.csproj]
C:\Users\Abdurrahman\Desktop\BilgeHotelNtierArchtitecture\Presentation\Models\PaymentAPITools\ResponseModels\PaymentHistoryResponseModel.cs(17,23): warning CS8618: Null atanamaz ├Âzellik 'CardUserName', olu┼şturucudan ├ğ─▒k─▒┼ş yaparken null olmayan bir de─şer i├ğermelidir. 'Gerekli' de─şi┼ştiricisini ekleyin veya ├Âzellik de─şerini null atanabilir olarak bildirmeyi g├Âz ├Ân├╝nde bulundurun. [C:\Users\Abdurrahman\Desktop\BilgeHotelNtierArchtitecture\Presentation\Presentation.csproj]
C:\Users\Abdurrahman\Desktop\BilgeHotelNtierArchtitecture\Presentation\Models\PaymentAPITools\ResponseModels\PaymentHistoryResponseModel.cs(22,23): warning CS8618: Null atanamaz ├Âzellik 'CardNumber', olu┼şturucudan ├ğ─▒k─▒┼ş yaparken null olmayan bir de─şer i├ğermelidir. 'Gerekli' de─şi┼ştiricisini ekleyin veya ├Âzellik de─şerini null atanabilir olarak bildirmeyi g├Âz ├Ân├╝nde bulundurun. [C:\Users\Abdurrahman\Desktop\BilgeHotelNtierArchtitecture\Presentation\Presentation.csproj]
C:\Users\Abdurrahman\Desktop\BilgeHotelNtierArchtitecture\Presentation\Models\PaymentAPITools\ResponseModels\PaymentHistoryResponseModel.cs(32,23): warning CS8618: Null atanamaz ├Âzellik 'RoomNumber', olu┼şturucudan ├ğ─▒k─▒┼ş yaparken null olmayan bir de─şer i├ğermelidir. 'Gerekli' de─şi┼ştiricisini ekleyin veya ├Âzellik de─şerini null atanabilir olarak bildirmeyi g├Âz ├Ân├╝nde bulundurun. [C:\Users\Abdurrahman\Desktop\BilgeHotelNtierArchtitecture\Presentation\Presentation.csproj]
C:\Users\Abdurrahman\Desktop\BilgeHotelNtierArchtitecture\Presentation\Models\PaymentAPITools\ResponseModels\PaymentHistoryResponseModel.cs(38,23): warning CS8618: Null atanamaz ├Âzellik 'CVV', olu┼şturucudan ├ğ─▒k─▒┼ş yaparken null olmayan bir de─şer i├ğermelidir. 'Gerekli' de─şi┼ştiricisini ekleyin veya ├Âzellik de─şerini null atanabilir olarak bildirmeyi g├Âz ├Ân├╝nde bulundurun. [C:\Users\Abdurrahman\Desktop\BilgeHotelNtierArchtitecture\Presentation\Presentation.csproj]
C:\Users\Abdurrahman\Desktop\BilgeHotelNtierArchtitecture\Presentation\Models\PaymentAPITools\RequestModels\PaymentProcessRequestModel.cs(23,23): warning CS8618: Null atanamaz ├Âzellik 'CardUserName', olu┼şturucudan ├ğ─▒k─▒┼ş yaparken null olmayan bir de─şer i├ğermelidir. 'Gerekli' de─şi┼ştiricisini ekleyin veya ├Âzellik de─şerini null atanabilir olarak bildirmeyi g├Âz ├Ân├╝nde bulundurun. [C:\Users\Abdurrahman\Desktop\BilgeHotelNtierArchtitecture\Presentation\Presentation.csproj]
C:\Users\Abdurrahman\Desktop\BilgeHotelNtierArchtitecture\Presentation\Models\PaymentAPITools\RequestModels\PaymentProcessRequestModel.cs(31,23): warning CS8618: Null atanamaz ├Âzellik 'CardNumber', olu┼şturucudan ├ğ─▒k─▒┼ş yaparken null olmayan bir de─şer i├ğermelidir. 'Gerekli' de─şi┼ştiricisini ekleyin veya ├Âzellik de─şerini null atanabilir olarak bildirmeyi g├Âz ├Ân├╝nde bulundurun. [C:\Users\Abdurrahman\Desktop\BilgeHotelNtierArchtitecture\Presentation\Presentation.csproj]
C:\Users\Abdurrahman\Desktop\BilgeHotelNtierArchtitecture\Presentation\Models\PaymentAPITools\RequestModels\PaymentProcessRequestModel.cs(39,23): warning CS8618: Null atanamaz ├Âzellik 'CVV', olu┼şturucudan ├ğ─▒k─▒┼ş yaparken null olmayan bir de─şer i├ğermelidir. 'Gerekli' de─şi┼ştiricisini ekleyin veya ├Âzellik de─şerini null atanabilir olarak bildirmeyi g├Âz ├Ân├╝nde bulundurun. [C:\Users\Abdurrahman\Desktop\BilgeHotelNtierArchtitecture\Presentation\Presentation.csproj]
C:\Users\Abdurrahman\Desktop\BilgeHotelNtierArchtitecture\Presentation\Models\PaymentAPITools\RequestModels\PaymentProcessRequestModel.cs(63,23): warning CS8618: Null atanamaz ├Âzellik 'RoomNumber', olu┼şturucudan ├ğ─▒k─▒┼ş yaparken null olmayan bir de─şer i├ğermelidir. 'Gerekli' de─şi┼ştiricisini ekleyin veya ├Âzellik de─şerini null atanabilir olarak bildirmeyi g├Âz ├Ân├╝nde bulundurun. [C:\Users\Abdurrahman\Desktop\BilgeHotelNtierArchtitecture\Presentation\Presentation.csproj]
C:\Users\Abdurrahman\Desktop\BilgeHotelNtierArchtitecture\Presentation\Models\PaymentAPITools\RequestModels\PaymentCheckoutRequestModel.cs(23,23): warning CS8618: Null atanamaz ├Âzellik 'CustomerName', olu┼şturucudan ├ğ─▒k─▒┼ş yaparken null olmayan bir de─şer i├ğermelidir. 'Gerekli' de─şi┼ştiricisini ekleyin veya ├Âzellik de─şerini null atanabilir olarak bildirmeyi g├Âz ├Ân├╝nde bulundurun. [C:\Users\Abdurrahman\Desktop\BilgeHotelNtierArchtitecture\Presentation\Presentation.csproj]
C:\Users\Abdurrahman\Desktop\BilgeHotelNtierArchtitecture\Presentation\Models\Payments\PaymentInvoicePageVm.cs(15,31): warning CS8618: Null atanamaz ├Âzellik 'Reservation', olu┼şturucudan ├ğ─▒k─▒┼ş yaparken null olmayan bir de─şer i├ğermelidir. 'Gerekli' de─şi┼ştiricisini ekleyin veya ├Âzellik de─şerini null atanabilir olarak bildirmeyi g├Âz ├Ân├╝nde bulundurun. [C:\Users\Abdurrahman\Desktop\BilgeHotelNtierArchtitecture\Presentation\Presentation.csproj]
C:\Users\Abdurrahman\Desktop\BilgeHotelNtierArchtitecture\Presentation\Models\Payments\PaymentInvoicePageVm.cs(20,27): warning CS8618: Null atanamaz ├Âzellik 'Payment', olu┼şturucudan ├ğ─▒k─▒┼ş yaparken null olmayan bir de─şer i├ğermelidir. 'Gerekli' de─şi┼ştiricisini ekleyin veya ├Âzellik de─şerini null atanabilir olarak bildirmeyi g├Âz ├Ân├╝nde bulundurun. [C:\Users\Abdurrahman\Desktop\BilgeHotelNtierArchtitecture\Presentation\Presentation.csproj]
C:\Users\Abdurrahman\Desktop\BilgeHotelNtierArchtitecture\Presentation\Models\Payments\PaymentInvoicePageVm.cs(25,24): warning CS8618: Null atanamaz ├Âzellik 'Room', olu┼şturucudan ├ğ─▒k─▒┼ş yaparken null olmayan bir de─şer i├ğermelidir. 'Gerekli' de─şi┼ştiricisini ekleyin veya ├Âzellik de─şerini null atanabilir olarak bildirmeyi g├Âz ├Ân├╝nde bulundurun. [C:\Users\Abdurrahman\Desktop\BilgeHotelNtierArchtitecture\Presentation\Presentation.csproj]
C:\Users\Abdurrahman\Desktop\BilgeHotelNtierArchtitecture\Presentation\Models\Payments\PaymentInvoicePageVm.cs(30,33): warning CS8618: Null atanamaz ├Âzellik 'ExtraServices', olu┼şturucudan ├ğ─▒k─▒┼ş yaparken null olmayan bir de─şer i├ğermelidir. 'Gerekli' de─şi┼ştiricisini ekleyin veya ├Âzellik de─şerini null atanabilir olarak bildirmeyi g├Âz ├Ân├╝nde bulundurun. [C:\Users\Abdurrahman\Desktop\BilgeHotelNtierArchtitecture\Presentation\Presentation.csproj]
C:\Users\Abdurrahman\Desktop\BilgeHotelNtierArchtitecture\Presentation\Models\Payments\PaymentInvoicePageVm.cs(35,23): warning CS8618: Null atanamaz ├Âzellik 'PageTitle', olu┼şturucudan ├ğ─▒k─▒┼ş yaparken null olmayan bir de─şer i├ğermelidir. 'Gerekli' de─şi┼ştiricisini ekleyin veya ├Âzellik de─şerini null atanabilir olarak bildirmeyi g├Âz ├Ân├╝nde bulundurun. [C:\Users\Abdurrahman\Desktop\BilgeHotelNtierArchtitecture\Presentation\Presentation.csproj]
C:\Users\Abdurrahman\Desktop\BilgeHotelNtierArchtitecture\Presentation\Models\Payments\PaymentInvoicePageVm.cs(40,23): warning CS8618: Null atanamaz ├Âzellik 'HelpText', olu┼şturucudan ├ğ─▒k─▒┼ş yaparken null olmayan bir de─şer i├ğermelidir. 'Gerekli' de─şi┼ştiricisini ekleyin veya ├Âzellik de─şerini null atanabilir olarak bildirmeyi g├Âz ├Ân├╝nde bulundurun. [C:\Users\Abdurrahman\Desktop\BilgeHotelNtierArchtitecture\Presentation\Presentation.csproj]
C:\Users\Abdurrahman\Desktop\BilgeHotelNtierArchtitecture\Presentation\Models\Payments\PaymentInvoicePageVm.cs(46,23): warning CS8618: Null atanamaz ├Âzellik 'CardNumber', olu┼şturucudan ├ğ─▒k─▒┼ş yaparken null olmayan bir de─şer i├ğermelidir. 'Gerekli' de─şi┼ştiricisini ekleyin veya ├Âzellik de─şerini null atanabilir olarak bildirmeyi g├Âz ├Ân├╝nde bulundurun. [C:\Users\Abdurrahman\Desktop\BilgeHotelNtierArchtitecture\Presentation\Presentation.csproj]
C:\Users\Abdurrahman\Desktop\BilgeHotelNtierArchtitecture\Presentation\Models\PaymentAPITools\RequestModels\PaymentCancelRequestModel.cs(23,23): warning CS8618: Null atanamaz ├Âzellik 'CardUserName', olu┼şturucudan ├ğ─▒k─▒┼ş yaparken null olmayan bir de─şer i├ğermelidir. 'Gerekli' de─şi┼ştiricisini ekleyin veya ├Âzellik de─şerini null atanabilir olarak bildirmeyi g├Âz ├Ân├╝nde bulundurun. [C:\Users\Abdurrahman\Desktop\BilgeHotelNtierArchtitecture\Presentation\Presentation.csproj]
C:\Users\Abdurrahman\Desktop\BilgeHotelNtierArchtitecture\Presentation\Models\PaymentAPITools\RequestModels\PaymentCancelRequestModel.cs(30,23): warning CS8618: Null atanamaz ├Âzellik 'CardNumber', olu┼şturucudan ├ğ─▒k─▒┼ş yaparken null olmayan bir de─şer i├ğermelidir. 'Gerekli' de─şi┼ştiricisini ekleyin veya ├Âzellik de─şerini null atanabilir olarak bildirmeyi g├Âz ├Ân├╝nde bulundurun. [C:\Users\Abdurrahman\Desktop\BilgeHotelNtierArchtitecture\Presentation\Presentation.csproj]
C:\Users\Abdurrahman\Desktop\BilgeHotelNtierArchtitecture\Presentation\Models\PaymentAPITools\RequestModels\PaymentCancelRequestModel.cs(38,23): warning CS8618: Null atanamaz ├Âzellik 'CVV', olu┼şturucudan ├ğ─▒k─▒┼ş yaparken null olmayan bir de─şer i├ğermelidir. 'Gerekli' de─şi┼ştiricisini ekleyin veya ├Âzellik de─şerini null atanabilir olarak bildirmeyi g├Âz ├Ân├╝nde bulundurun. [C:\Users\Abdurrahman\Desktop\BilgeHotelNtierArchtitecture\Presentation\Presentation.csproj]
C:\Users\Abdurrahman\Desktop\BilgeHotelNtierArchtitecture\Presentation\Models\PaymentAPITools\RequestModels\PaymentCancelRequestModel.cs(53,23): warning CS8618: Null atanamaz ├Âzellik 'RoomNumber', olu┼şturucudan ├ğ─▒k─▒┼ş yaparken null olmayan bir de─şer i├ğermelidir. 'Gerekli' de─şi┼ştiricisini ekleyin veya ├Âzellik de─şerini null atanabilir olarak bildirmeyi g├Âz ├Ân├╝nde bulundurun. [C:\Users\Abdurrahman\Desktop\BilgeHotelNtierArchtitecture\Presentation\Presentation.csproj]
C:\Users\Abdurrahman\Desktop\BilgeHotelNtierArchtitecture\Presentation\Controllers\RoomController.cs(49,39): warning CS1998: Bu zaman uyumsuz y├Ântemde 'await' i┼şle├ğleri yok ve zaman uyumlu ├ğal─▒┼şacak. 'await' i┼şlecini kullanarak engelleyici olmayan API ├ğa─şr─▒lar─▒n─▒ beklemeyi veya 'await Task.Run(...)' kullanarak bir arka plan i┼ş par├ğac─▒─ş─▒nda CPU ba─şlant─▒l─▒ i┼ş yapmay─▒ d├╝┼ş├╝n├╝n. [C:\Users\Abdurrahman\Desktop\BilgeHotelNtierArchtitecture\Presentation\Presentation.csproj]
C:\Users\Abdurrahman\Desktop\BilgeHotelNtierArchtitecture\Presentation\Controllers\RoomController.cs(68,42): warning CS1998: Bu zaman uyumsuz y├Ântemde 'await' i┼şle├ğleri yok ve zaman uyumlu ├ğal─▒┼şacak. 'await' i┼şlecini kullanarak engelleyici olmayan API ├ğa─şr─▒lar─▒n─▒ beklemeyi veya 'await Task.Run(...)' kullanarak bir arka plan i┼ş par├ğac─▒─ş─▒nda CPU ba─şlant─▒l─▒ i┼ş yapmay─▒ d├╝┼ş├╝n├╝n. [C:\Users\Abdurrahman\Desktop\BilgeHotelNtierArchtitecture\Presentation\Presentation.csproj]
C:\Users\Abdurrahman\Desktop\BilgeHotelNtierArchtitecture\Presentation\Controllers\RoomController.cs(116,30): warning CS8604: 'int int.Parse(string s)' i├ğindeki 's' parametresi i├ğin olas─▒ null ba┼şvuru ba─ş─▒ms─▒z de─şi┼şkeni. [C:\Users\Abdurrahman\Desktop\BilgeHotelNtierArchtitecture\Presentation\Presentation.csproj]
C:\Users\Abdurrahman\Desktop\BilgeHotelNtierArchtitecture\Presentation\Controllers\RoomController.cs(157,42): warning CS1998: Bu zaman uyumsuz y├Ântemde 'await' i┼şle├ğleri yok ve zaman uyumlu ├ğal─▒┼şacak. 'await' i┼şlecini kullanarak engelleyici olmayan API ├ğa─şr─▒lar─▒n─▒ beklemeyi veya 'await Task.Run(...)' kullanarak bir arka plan i┼ş par├ğac─▒─ş─▒nda CPU ba─şlant─▒l─▒ i┼ş yapmay─▒ d├╝┼ş├╝n├╝n. [C:\Users\Abdurrahman\Desktop\BilgeHotelNtierArchtitecture\Presentation\Presentation.csproj]
C:\Users\Abdurrahman\Desktop\BilgeHotelNtierArchtitecture\Presentation\Controllers\PaymentController.cs(138,23): warning CS8618: Null atanamaz ├Âzellik 'ErrorMessage', olu┼şturucudan ├ğ─▒k─▒┼ş yaparken null olmayan bir de─şer i├ğermelidir. 'Gerekli' de─şi┼ştiricisini ekleyin veya ├Âzellik de─şerini null atanabilir olarak bildirmeyi g├Âz ├Ân├╝nde bulundurun. [C:\Users\Abdurrahman\Desktop\BilgeHotelNtierArchtitecture\Presentation\Presentation.csproj]
C:\Users\Abdurrahman\Desktop\BilgeHotelNtierArchtitecture\Presentation\Views\Shared\_Menu.cshtml(22,22): warning CS8602: Olas─▒ bir null ba┼şvurunun ba┼şvurma i┼şlemi. [C:\Users\Abdurrahman\Desktop\BilgeHotelNtierArchtitecture\Presentation\Presentation.csproj]
C:\Users\Abdurrahman\Desktop\BilgeHotelNtierArchtitecture\Presentation\Controllers\HomeController.cs(163,25): warning CS8604: 'List<char> Enumerable.ToList<char>(IEnumerable<char> source)' i├ğindeki 'source' parametresi i├ğin olas─▒ null ba┼şvuru ba─ş─▒ms─▒z de─şi┼şkeni. [C:\Users\Abdurrahman\Desktop\BilgeHotelNtierArchtitecture\Presentation\Presentation.csproj]
C:\Users\Abdurrahman\Desktop\BilgeHotelNtierArchtitecture\Presentation\Controllers\HomeController.cs(181,36): warning CS8604: 'int int.Parse(string s)' i├ğindeki 's' parametresi i├ğin olas─▒ null ba┼şvuru ba─ş─▒ms─▒z de─şi┼şkeni. [C:\Users\Abdurrahman\Desktop\BilgeHotelNtierArchtitecture\Presentation\Presentation.csproj]
C:\Users\Abdurrahman\Desktop\BilgeHotelNtierArchtitecture\Presentation\Controllers\HomeController.cs(184,17): warning CS0472: 'int' t├╝r├╝n├╝n de─şeri asla 'int?' t├╝r├╝n├╝n 'null' de─şerine e┼şit olmad─▒─ş─▒ndan ifadenin sonucu her zaman 'false' [C:\Users\Abdurrahman\Desktop\BilgeHotelNtierArchtitecture\Presentation\Presentation.csproj]
C:\Users\Abdurrahman\Desktop\BilgeHotelNtierArchtitecture\Presentation\Controllers\HomeController.cs(178,42): warning CS1998: Bu zaman uyumsuz y├Ântemde 'await' i┼şle├ğleri yok ve zaman uyumlu ├ğal─▒┼şacak. 'await' i┼şlecini kullanarak engelleyici olmayan API ├ğa─şr─▒lar─▒n─▒ beklemeyi veya 'await Task.Run(...)' kullanarak bir arka plan i┼ş par├ğac─▒─ş─▒nda CPU ba─şlant─▒l─▒ i┼ş yapmay─▒ d├╝┼ş├╝n├╝n. [C:\Users\Abdurrahman\Desktop\BilgeHotelNtierArchtitecture\Presentation\Presentation.csproj]
C:\Users\Abdurrahman\Desktop\BilgeHotelNtierArchtitecture\Presentation\Controllers\AccountController.cs(98,25): warning CS8600: Null sabit de─şeri veya olas─▒ null de─şeri, bo┼ş de─şer atanamaz t├╝re d├Ân├╝┼şt├╝r├╝l├╝yor. [C:\Users\Abdurrahman\Desktop\BilgeHotelNtierArchtitecture\Presentation\Presentation.csproj]
C:\Users\Abdurrahman\Desktop\BilgeHotelNtierArchtitecture\Presentation\Areas\Dashboard\Controllers\UsersController.cs(69,42): warning CS1998: Bu zaman uyumsuz y├Ântemde 'await' i┼şle├ğleri yok ve zaman uyumlu ├ğal─▒┼şacak. 'await' i┼şlecini kullanarak engelleyici olmayan API ├ğa─şr─▒lar─▒n─▒ beklemeyi veya 'await Task.Run(...)' kullanarak bir arka plan i┼ş par├ğac─▒─ş─▒nda CPU ba─şlant─▒l─▒ i┼ş yapmay─▒ d├╝┼ş├╝n├╝n. [C:\Users\Abdurrahman\Desktop\BilgeHotelNtierArchtitecture\Presentation\Presentation.csproj]
C:\Users\Abdurrahman\Desktop\BilgeHotelNtierArchtitecture\Presentation\Controllers\AccountController.cs(125,29): warning CS8600: Null sabit de─şeri veya olas─▒ null de─şeri, bo┼ş de─şer atanamaz t├╝re d├Ân├╝┼şt├╝r├╝l├╝yor. [C:\Users\Abdurrahman\Desktop\BilgeHotelNtierArchtitecture\Presentation\Presentation.csproj]
C:\Users\Abdurrahman\Desktop\BilgeHotelNtierArchtitecture\Presentation\Controllers\AccountController.cs(161,25): warning CS8600: Null sabit de─şeri veya olas─▒ null de─şeri, bo┼ş de─şer atanamaz t├╝re d├Ân├╝┼şt├╝r├╝l├╝yor. [C:\Users\Abdurrahman\Desktop\BilgeHotelNtierArchtitecture\Presentation\Presentation.csproj]
C:\Users\Abdurrahman\Desktop\BilgeHotelNtierArchtitecture\Presentation\Controllers\AccountController.cs(194,57): warning CS8604: 'Task<User?> UserManager<User>.FindByIdAsync(string userId)' i├ğindeki 'userId' parametresi i├ğin olas─▒ null ba┼şvuru ba─ş─▒ms─▒z de─şi┼şkeni. [C:\Users\Abdurrahman\Desktop\BilgeHotelNtierArchtitecture\Presentation\Presentation.csproj]
C:\Users\Abdurrahman\Desktop\BilgeHotelNtierArchtitecture\Presentation\Controllers\AccountController.cs(203,28): warning CS8601: Olas─▒ null ba┼şvuru atamas─▒. [C:\Users\Abdurrahman\Desktop\BilgeHotelNtierArchtitecture\Presentation\Presentation.csproj]
C:\Users\Abdurrahman\Desktop\BilgeHotelNtierArchtitecture\Presentation\Controllers\AccountController.cs(204,25): warning CS8601: Olas─▒ null ba┼şvuru atamas─▒. [C:\Users\Abdurrahman\Desktop\BilgeHotelNtierArchtitecture\Presentation\Presentation.csproj]
C:\Users\Abdurrahman\Desktop\BilgeHotelNtierArchtitecture\Presentation\Controllers\AccountController.cs(209,29): warning CS8601: Olas─▒ null ba┼şvuru atamas─▒. [C:\Users\Abdurrahman\Desktop\BilgeHotelNtierArchtitecture\Presentation\Presentation.csproj]
C:\Users\Abdurrahman\Desktop\BilgeHotelNtierArchtitecture\Presentation\Controllers\HomeController.cs(296,36): warning CS8604: 'int int.Parse(string s)' i├ğindeki 's' parametresi i├ğin olas─▒ null ba┼şvuru ba─ş─▒ms─▒z de─şi┼şkeni. [C:\Users\Abdurrahman\Desktop\BilgeHotelNtierArchtitecture\Presentation\Presentation.csproj]
C:\Users\Abdurrahman\Desktop\BilgeHotelNtierArchtitecture\Presentation\Controllers\HomeController.cs(299,17): warning CS0472: 'int' t├╝r├╝n├╝n de─şeri asla 'int?' t├╝r├╝n├╝n 'null' de─şerine e┼şit olmad─▒─ş─▒ndan ifadenin sonucu her zaman 'false' [C:\Users\Abdurrahman\Desktop\BilgeHotelNtierArchtitecture\Presentation\Presentation.csproj]
C:\Users\Abdurrahman\Desktop\BilgeHotelNtierArchtitecture\Presentation\Controllers\HomeController.cs(293,42): warning CS1998: Bu zaman uyumsuz y├Ântemde 'await' i┼şle├ğleri yok ve zaman uyumlu ├ğal─▒┼şacak. 'await' i┼şlecini kullanarak engelleyici olmayan API ├ğa─şr─▒lar─▒n─▒ beklemeyi veya 'await Task.Run(...)' kullanarak bir arka plan i┼ş par├ğac─▒─ş─▒nda CPU ba─şlant─▒l─▒ i┼ş yapmay─▒ d├╝┼ş├╝n├╝n. [C:\Users\Abdurrahman\Desktop\BilgeHotelNtierArchtitecture\Presentation\Presentation.csproj]
C:\Users\Abdurrahman\Desktop\BilgeHotelNtierArchtitecture\Presentation\Areas\Dashboard\Controllers\ShiftsController.cs(37,42): warning CS1998: Bu zaman uyumsuz y├Ântemde 'await' i┼şle├ğleri yok ve zaman uyumlu ├ğal─▒┼şacak. 'await' i┼şlecini kullanarak engelleyici olmayan API ├ğa─şr─▒lar─▒n─▒ beklemeyi veya 'await Task.Run(...)' kullanarak bir arka plan i┼ş par├ğac─▒─ş─▒nda CPU ba─şlant─▒l─▒ i┼ş yapmay─▒ d├╝┼ş├╝n├╝n. [C:\Users\Abdurrahman\Desktop\BilgeHotelNtierArchtitecture\Presentation\Presentation.csproj]
C:\Users\Abdurrahman\Desktop\BilgeHotelNtierArchtitecture\Presentation\Areas\Dashboard\Controllers\CustomersController.cs(37,42): warning CS1998: Bu zaman uyumsuz y├Ântemde 'await' i┼şle├ğleri yok ve zaman uyumlu ├ğal─▒┼şacak. 'await' i┼şlecini kullanarak engelleyici olmayan API ├ğa─şr─▒lar─▒n─▒ beklemeyi veya 'await Task.Run(...)' kullanarak bir arka plan i┼ş par├ğac─▒─ş─▒nda CPU ba─şlant─▒l─▒ i┼ş yapmay─▒ d├╝┼ş├╝n├╝n. [C:\Users\Abdurrahman\Desktop\BilgeHotelNtierArchtitecture\Presentation\Presentation.csproj]
C:\Users\Abdurrahman\Desktop\BilgeHotelNtierArchtitecture\Presentation\Areas\Dashboard\Controllers\ReservationsController.cs(59,42): warning CS1998: Bu zaman uyumsuz y├Ântemde 'await' i┼şle├ğleri yok ve zaman uyumlu ├ğal─▒┼şacak. 'await' i┼şlecini kullanarak engelleyici olmayan API ├ğa─şr─▒lar─▒n─▒ beklemeyi veya 'await Task.Run(...)' kullanarak bir arka plan i┼ş par├ğac─▒─ş─▒nda CPU ba─şlant─▒l─▒ i┼ş yapmay─▒ d├╝┼ş├╝n├╝n. [C:\Users\Abdurrahman\Desktop\BilgeHotelNtierArchtitecture\Presentation\Presentation.csproj]
C:\Users\Abdurrahman\Desktop\BilgeHotelNtierArchtitecture\Presentation\Areas\Dashboard\Controllers\EmployeesController.cs(39,42): warning CS1998: Bu zaman uyumsuz y├Ântemde 'await' i┼şle├ğleri yok ve zaman uyumlu ├ğal─▒┼şacak. 'await' i┼şlecini kullanarak engelleyici olmayan API ├ğa─şr─▒lar─▒n─▒ beklemeyi veya 'await Task.Run(...)' kullanarak bir arka plan i┼ş par├ğac─▒─ş─▒nda CPU ba─şlant─▒l─▒ i┼ş yapmay─▒ d├╝┼ş├╝n├╝n. [C:\Users\Abdurrahman\Desktop\BilgeHotelNtierArchtitecture\Presentation\Presentation.csproj]
C:\Users\Abdurrahman\Desktop\BilgeHotelNtierArchtitecture\Presentation\Areas\Dashboard\Views\Home\Index.cshtml(16,86): warning CS8602: Olas─▒ bir null ba┼şvurunun ba┼şvurma i┼şlemi. [C:\Users\Abdurrahman\Desktop\BilgeHotelNtierArchtitecture\Presentation\Presentation.csproj]
C:\Users\Abdurrahman\Desktop\BilgeHotelNtierArchtitecture\Presentation\Areas\Dashboard\Views\Reservations\Details.cshtml(47,39): warning CS8602: Olas─▒ bir null ba┼şvurunun ba┼şvurma i┼şlemi. [C:\Users\Abdurrahman\Desktop\BilgeHotelNtierArchtitecture\Presentation\Presentation.csproj]
C:\Users\Abdurrahman\Desktop\BilgeHotelNtierArchtitecture\Presentation\Areas\Dashboard\Views\Reservations\Details.cshtml(53,39): warning CS8602: Olas─▒ bir null ba┼şvurunun ba┼şvurma i┼şlemi. [C:\Users\Abdurrahman\Desktop\BilgeHotelNtierArchtitecture\Presentation\Presentation.csproj]
C:\Users\Abdurrahman\Desktop\BilgeHotelNtierArchtitecture\Presentation\Areas\Dashboard\Views\Shared\_Menu.cshtml(45,22): warning CS8602: Olas─▒ bir null ba┼şvurunun ba┼şvurma i┼şlemi. [C:\Users\Abdurrahman\Desktop\BilgeHotelNtierArchtitecture\Presentation\Presentation.csproj]
C:\Users\Abdurrahman\Desktop\BilgeHotelNtierArchtitecture\Presentation\Views\Home\Reservasyonlar─▒m.cshtml(35,67): warning CS8602: Olas─▒ bir null ba┼şvurunun ba┼şvurma i┼şlemi. [C:\Users\Abdurrahman\Desktop\BilgeHotelNtierArchtitecture\Presentation\Presentation.csproj]
C:\Users\Abdurrahman\Desktop\BilgeHotelNtierArchtitecture\Presentation\Views\Home\Reservasyonlar─▒m.cshtml(36,67): warning CS8602: Olas─▒ bir null ba┼şvurunun ba┼şvurma i┼şlemi. [C:\Users\Abdurrahman\Desktop\BilgeHotelNtierArchtitecture\Presentation\Presentation.csproj]
C:\Users\Abdurrahman\Desktop\BilgeHotelNtierArchtitecture\Presentation\Views\Home\Reservasyonlar─▒m.cshtml(37,67): warning CS8602: Olas─▒ bir null ba┼şvurunun ba┼şvurma i┼şlemi. [C:\Users\Abdurrahman\Desktop\BilgeHotelNtierArchtitecture\Presentation\Presentation.csproj]
C:\Users\Abdurrahman\Desktop\BilgeHotelNtierArchtitecture\Presentation\Views\Home\Reservasyonlar─▒m.cshtml(38,67): warning CS8602: Olas─▒ bir null ba┼şvurunun ba┼şvurma i┼şlemi. [C:\Users\Abdurrahman\Desktop\BilgeHotelNtierArchtitecture\Presentation\Presentation.csproj]
C:\Users\Abdurrahman\Desktop\BilgeHotelNtierArchtitecture\Presentation\Views\Home\Reservasyonlar─▒m.cshtml(39,67): warning CS8602: Olas─▒ bir null ba┼şvurunun ba┼şvurma i┼şlemi. [C:\Users\Abdurrahman\Desktop\BilgeHotelNtierArchtitecture\Presentation\Presentation.csproj]
C:\Users\Abdurrahman\Desktop\BilgeHotelNtierArchtitecture\Presentation\Views\Home\Delete.cshtml(60,39): warning CS8602: Olas─▒ bir null ba┼şvurunun ba┼şvurma i┼şlemi. [C:\Users\Abdurrahman\Desktop\BilgeHotelNtierArchtitecture\Presentation\Presentation.csproj]
C:\Users\Abdurrahman\Desktop\BilgeHotelNtierArchtitecture\Presentation\Views\Home\Delete.cshtml(66,39): warning CS8602: Olas─▒ bir null ba┼şvurunun ba┼şvurma i┼şlemi. [C:\Users\Abdurrahman\Desktop\BilgeHotelNtierArchtitecture\Presentation\Presentation.csproj]
C:\Users\Abdurrahman\Desktop\BilgeHotelNtierArchtitecture\Presentation\Views\Home\DeleteReservations.cshtml(49,39): warning CS8602: Olas─▒ bir null ba┼şvurunun ba┼şvurma i┼şlemi. [C:\Users\Abdurrahman\Desktop\BilgeHotelNtierArchtitecture\Presentation\Presentation.csproj]
C:\Users\Abdurrahman\Desktop\BilgeHotelNtierArchtitecture\Presentation\Views\Home\DeleteReservations.cshtml(55,39): warning CS8602: Olas─▒ bir null ba┼şvurunun ba┼şvurma i┼şlemi. [C:\Users\Abdurrahman\Desktop\BilgeHotelNtierArchtitecture\Presentation\Presentation.csproj]
C:\Users\Abdurrahman\Desktop\BilgeHotelNtierArchtitecture\Presentation\Areas\Dashboard\Views\Shared\_DashboardLayout2.cshtml(171,38): warning CS8602: Olas─▒ bir null ba┼şvurunun ba┼şvurma i┼şlemi. [C:\Users\Abdurrahman\Desktop\BilgeHotelNtierArchtitecture\Presentation\Presentation.csproj]
C:\Users\Abdurrahman\Desktop\BilgeHotelNtierArchtitecture\Presentation\Areas\Dashboard\Views\Rooms\Edit.cshtml(52,62): warning CS8073: 'DateTime' t├╝r├╝n├╝n de─şeri asla 'DateTime?' t├╝r├╝n├╝n 'null' de─şerine e┼şit olmad─▒─ş─▒ndan ifadenin sonucu her zaman 'true' [C:\Users\Abdurrahman\Desktop\BilgeHotelNtierArchtitecture\Presentation\Presentation.csproj]
C:\Users\Abdurrahman\Desktop\BilgeHotelNtierArchtitecture\Presentation\Areas\Dashboard\Views\Rooms\Edit.cshtml(53,63): warning CS8073: 'DateTime' t├╝r├╝n├╝n de─şeri asla 'DateTime?' t├╝r├╝n├╝n 'null' de─şerine e┼şit olmad─▒─ş─▒ndan ifadenin sonucu her zaman 'true' [C:\Users\Abdurrahman\Desktop\BilgeHotelNtierArchtitecture\Presentation\Presentation.csproj]
C:\Users\Abdurrahman\Desktop\BilgeHotelNtierArchtitecture\Presentation\Views\Shared\_Layout.cshtml(39,10): warning MVC1000: Use of IHtmlHelper.Partial may result in application deadlocks. Consider using <partial> Tag Helper or IHtmlHelper.PartialAsync. [C:\Users\Abdurrahman\Desktop\BilgeHotelNtierArchtitecture\Presentation\Presentation.csproj]
C:\Users\Abdurrahman\Desktop\BilgeHotelNtierArchtitecture\Presentation\Program.cs(47,5): warning ASP0014: Suggest using top level route registrations instead of UseEndpoints (https://aka.ms/aspnet/analyzers) [C:\Users\Abdurrahman\Desktop\BilgeHotelNtierArchtitecture\Presentation\Presentation.csproj]
C:\Users\Abdurrahman\Desktop\BilgeHotelNtierArchtitecture\Presentation\Views\Home\Index.cshtml(33,2): warning MVC1000: Use of IHtmlHelper.Partial may result in application deadlocks. Consider using <partial> Tag Helper or IHtmlHelper.PartialAsync. [C:\Users\Abdurrahman\Desktop\BilgeHotelNtierArchtitecture\Presentation\Presentation.csproj]
C:\Users\Abdurrahman\Desktop\BilgeHotelNtierArchtitecture\Presentation\Views\Home\Index.cshtml(37,2): warning MVC1000: Use of IHtmlHelper.Partial may result in application deadlocks. Consider using <partial> Tag Helper or IHtmlHelper.PartialAsync. [C:\Users\Abdurrahman\Desktop\BilgeHotelNtierArchtitecture\Presentation\Presentation.csproj]
C:\Users\Abdurrahman\Desktop\BilgeHotelNtierArchtitecture\Presentation\Views\Home\Index.cshtml(41,2): warning MVC1000: Use of IHtmlHelper.Partial may result in application deadlocks. Consider using <partial> Tag Helper or IHtmlHelper.PartialAsync. [C:\Users\Abdurrahman\Desktop\BilgeHotelNtierArchtitecture\Presentation\Presentation.csproj]
C:\Users\Abdurrahman\Desktop\BilgeHotelNtierArchtitecture\Presentation\Views\Home\Index.cshtml(45,2): warning MVC1000: Use of IHtmlHelper.Partial may result in application deadlocks. Consider using <partial> Tag Helper or IHtmlHelper.PartialAsync. [C:\Users\Abdurrahman\Desktop\BilgeHotelNtierArchtitecture\Presentation\Presentation.csproj]
C:\Users\Abdurrahman\Desktop\BilgeHotelNtierArchtitecture\Presentation\Views\Home\Index.cshtml(50,2): warning MVC1000: Use of IHtmlHelper.Partial may result in application deadlocks. Consider using <partial> Tag Helper or IHtmlHelper.PartialAsync. [C:\Users\Abdurrahman\Desktop\BilgeHotelNtierArchtitecture\Presentation\Presentation.csproj]
C:\Users\Abdurrahman\Desktop\BilgeHotelNtierArchtitecture\Presentation\Views\Home\Index.cshtml(54,2): warning MVC1000: Use of IHtmlHelper.Partial may result in application deadlocks. Consider using <partial> Tag Helper or IHtmlHelper.PartialAsync. [C:\Users\Abdurrahman\Desktop\BilgeHotelNtierArchtitecture\Presentation\Presentation.csproj]
C:\Users\Abdurrahman\Desktop\BilgeHotelNtierArchtitecture\Presentation\Views\Home\Index.cshtml(58,2): warning MVC1000: Use of IHtmlHelper.Partial may result in application deadlocks. Consider using <partial> Tag Helper or IHtmlHelper.PartialAsync. [C:\Users\Abdurrahman\Desktop\BilgeHotelNtierArchtitecture\Presentation\Presentation.csproj]
C:\Users\Abdurrahman\Desktop\BilgeHotelNtierArchtitecture\Presentation\Views\Home\Index.cshtml(62,2): warning MVC1000: Use of IHtmlHelper.Partial may result in application deadlocks. Consider using <partial> Tag Helper or IHtmlHelper.PartialAsync. [C:\Users\Abdurrahman\Desktop\BilgeHotelNtierArchtitecture\Presentation\Presentation.csproj]
C:\Users\Abdurrahman\Desktop\BilgeHotelNtierArchtitecture\Presentation\Views\Home\Index.cshtml(66,2): warning MVC1000: Use of IHtmlHelper.Partial may result in application deadlocks. Consider using <partial> Tag Helper or IHtmlHelper.PartialAsync. [C:\Users\Abdurrahman\Desktop\BilgeHotelNtierArchtitecture\Presentation\Presentation.csproj]
C:\Users\Abdurrahman\Desktop\BilgeHotelNtierArchtitecture\Presentation\Views\Home\Index.cshtml(70,2): warning MVC1000: Use of IHtmlHelper.Partial may result in application deadlocks. Consider using <partial> Tag Helper or IHtmlHelper.PartialAsync. [C:\Users\Abdurrahman\Desktop\BilgeHotelNtierArchtitecture\Presentation\Presentation.csproj]
C:\Users\Abdurrahman\Desktop\BilgeHotelNtierArchtitecture\Presentation\Views\Home\Index.cshtml(74,2): warning MVC1000: Use of IHtmlHelper.Partial may result in application deadlocks. Consider using <partial> Tag Helper or IHtmlHelper.PartialAsync. [C:\Users\Abdurrahman\Desktop\BilgeHotelNtierArchtitecture\Presentation\Presentation.csproj]
C:\Users\Abdurrahman\Desktop\BilgeHotelNtierArchtitecture\Presentation\Areas\Dashboard\Views\Shared\_DashboardLayout2.cshtml(69,14): warning MVC1000: Use of IHtmlHelper.Partial may result in application deadlocks. Consider using <partial> Tag Helper or IHtmlHelper.PartialAsync. [C:\Users\Abdurrahman\Desktop\BilgeHotelNtierArchtitecture\Presentation\Presentation.csproj]
C:\Users\Abdurrahman\Desktop\BilgeHotelNtierArchtitecture\ManagementWinForms\ManagementWinForms\ReservationEditForm.cs(62,44): error CS0117: 'ReservationStatus' bir 'Active' tan─▒m─▒ i├ğermiyor [C:\Users\Abdurrahman\Desktop\BilgeHotelNtierArchtitecture\ManagementWinForms\ManagementWinForms\ManagementWinForms.csproj]
C:\Users\Abdurrahman\Desktop\BilgeHotelNtierArchtitecture\ManagementWinForms\ManagementWinForms\ReservationManagementForm.cs(52,48): error CS0117: 'ReservationStatus' bir 'Active' tan─▒m─▒ i├ğermiyor [C:\Users\Abdurrahman\Desktop\BilgeHotelNtierArchtitecture\ManagementWinForms\ManagementWinForms\ManagementWinForms.csproj]
C:\Users\Abdurrahman\Desktop\BilgeHotelNtierArchtitecture\ManagementWinForms\ManagementWinForms\ReservationManagementForm.cs(62,47): error CS0117: 'PackageType' bir 'HalfBoard' tan─▒m─▒ i├ğermiyor [C:\Users\Abdurrahman\Desktop\BilgeHotelNtierArchtitecture\ManagementWinForms\ManagementWinForms\ManagementWinForms.csproj]
C:\Users\Abdurrahman\Desktop\BilgeHotelNtierArchtitecture\ManagementWinForms\ManagementWinForms\WebPricingManagementForm.cs(43,41): error CS0117: 'RoomType' bir 'StandardRoom' tan─▒m─▒ i├ğermiyor [C:\Users\Abdurrahman\Desktop\BilgeHotelNtierArchtitecture\ManagementWinForms\ManagementWinForms\ManagementWinForms.csproj]
C:\Users\Abdurrahman\Desktop\BilgeHotelNtierArchtitecture\ManagementWinForms\ManagementWinForms\WebPricingManagementForm.cs(55,41): error CS0117: 'RoomType' bir 'DeluxeRoom' tan─▒m─▒ i├ğermiyor [C:\Users\Abdurrahman\Desktop\BilgeHotelNtierArchtitecture\ManagementWinForms\ManagementWinForms\ManagementWinForms.csproj]
C:\Users\Abdurrahman\Desktop\BilgeHotelNtierArchtitecture\ManagementWinForms\ManagementWinForms\ReservationManagementForm.cs(86,122): error CS0117: 'ReservationStatus' bir 'Active' tan─▒m─▒ i├ğermiyor [C:\Users\Abdurrahman\Desktop\BilgeHotelNtierArchtitecture\ManagementWinForms\ManagementWinForms\ManagementWinForms.csproj]
C:\Users\Abdurrahman\Desktop\BilgeHotelNtierArchtitecture\ManagementWinForms\ManagementWinForms\ReservationManagementForm.cs(170,64): error CS0117: 'ReservationStatus' bir 'Cancelled' tan─▒m─▒ i├ğermiyor [C:\Users\Abdurrahman\Desktop\BilgeHotelNtierArchtitecture\ManagementWinForms\ManagementWinForms\ManagementWinForms.csproj]
C:\Users\Abdurrahman\Desktop\BilgeHotelNtierArchtitecture\Presentation\Controllers\RoomController.cs(93,25): error CS1061: 'Reservation' bir 'status' tan─▒m─▒ i├ğermiyor ve 'Reservation' t├╝r├╝nde bir ilk ba─ş─▒ms─▒z de─şi┼şken kabul eden hi├ğbir eri┼şilebilir 'status' geni┼şletme y├Ântemi bulunamad─▒ (bir kullanma y├Ânergeniz veya derleme ba┼şvurunuz eksik olabilir mi?) [C:\Users\Abdurrahman\Desktop\BilgeHotelNtierArchtitecture\Presentation\Presentation.csproj]
C:\Users\Abdurrahman\Desktop\BilgeHotelNtierArchtitecture\Presentation\Controllers\ReservationController.cs(144,21): error CS0117: 'Reservation' bir 'status' tan─▒m─▒ i├ğermiyor [C:\Users\Abdurrahman\Desktop\BilgeHotelNtierArchtitecture\Presentation\Presentation.csproj]
C:\Users\Abdurrahman\Desktop\BilgeHotelNtierArchtitecture\Presentation\Controllers\ReservationController.cs(259,37): error CS1061: 'Reservation' bir 'ReservationStatus' tan─▒m─▒ i├ğermiyor ve 'Reservation' t├╝r├╝nde bir ilk ba─ş─▒ms─▒z de─şi┼şken kabul eden hi├ğbir eri┼şilebilir 'ReservationStatus' geni┼şletme y├Ântemi bulunamad─▒ (bir kullanma y├Ânergeniz veya derleme ba┼şvurunuz eksik olabilir mi?) [C:\Users\Abdurrahman\Desktop\BilgeHotelNtierArchtitecture\Presentation\Presentation.csproj]
C:\Users\Abdurrahman\Desktop\BilgeHotelNtierArchtitecture\Presentation\Controllers\ReservationController.cs(259,63): error CS1061: 'Reservation' bir 'ReservationStatus' tan─▒m─▒ i├ğermiyor ve 'Reservation' t├╝r├╝nde bir ilk ba─ş─▒ms─▒z de─şi┼şken kabul eden hi├ğbir eri┼şilebilir 'ReservationStatus' geni┼şletme y├Ântemi bulunamad─▒ (bir kullanma y├Ânergeniz veya derleme ba┼şvurunuz eksik olabilir mi?) [C:\Users\Abdurrahman\Desktop\BilgeHotelNtierArchtitecture\Presentation\Presentation.csproj]
C:\Users\Abdurrahman\Desktop\BilgeHotelNtierArchtitecture\Presentation\Areas\Dashboard\Controllers\ReservationsController.cs(187,37): error CS1061: 'Reservation' bir 'ReservationStatus' tan─▒m─▒ i├ğermiyor ve 'Reservation' t├╝r├╝nde bir ilk ba─ş─▒ms─▒z de─şi┼şken kabul eden hi├ğbir eri┼şilebilir 'ReservationStatus' geni┼şletme y├Ântemi bulunamad─▒ (bir kullanma y├Ânergeniz veya derleme ba┼şvurunuz eksik olabilir mi?) [C:\Users\Abdurrahman\Desktop\BilgeHotelNtierArchtitecture\Presentation\Presentation.csproj]
C:\Users\Abdurrahman\Desktop\BilgeHotelNtierArchtitecture\Presentation\Areas\Dashboard\Controllers\ReservationsController.cs(187,63): error CS1061: 'Reservation' bir 'ReservationStatus' tan─▒m─▒ i├ğermiyor ve 'Reservation' t├╝r├╝nde bir ilk ba─ş─▒ms─▒z de─şi┼şken kabul eden hi├ğbir eri┼şilebilir 'ReservationStatus' geni┼şletme y├Ântemi bulunamad─▒ (bir kullanma y├Ânergeniz veya derleme ba┼şvurunuz eksik olabilir mi?) [C:\Users\Abdurrahman\Desktop\BilgeHotelNtierArchtitecture\Presentation\Presentation.csproj]
C:\Users\Abdurrahman\Desktop\BilgeHotelNtierArchtitecture\Presentation\Areas\Dashboard\Views\Reservations\Details.cshtml(38,49): error CS1061: 'Reservation' bir 'status' tan─▒m─▒ i├ğermiyor ve 'Reservation' t├╝r├╝nde bir ilk ba─ş─▒ms─▒z de─şi┼şken kabul eden hi├ğbir eri┼şilebilir 'status' geni┼şletme y├Ântemi bulunamad─▒ (bir kullanma y├Ânergeniz veya derleme ba┼şvurunuz eksik olabilir mi?) [C:\Users\Abdurrahman\Desktop\BilgeHotelNtierArchtitecture\Presentation\Presentation.csproj]
C:\Users\Abdurrahman\Desktop\BilgeHotelNtierArchtitecture\Presentation\Areas\Dashboard\Views\Reservations\Details.cshtml(41,45): error CS1061: 'Reservation' bir 'status' tan─▒m─▒ i├ğermiyor ve 'Reservation' t├╝r├╝nde bir ilk ba─ş─▒ms─▒z de─şi┼şken kabul eden hi├ğbir eri┼şilebilir 'status' geni┼şletme y├Ântemi bulunamad─▒ (bir kullanma y├Ânergeniz veya derleme ba┼şvurunuz eksik olabilir mi?) [C:\Users\Abdurrahman\Desktop\BilgeHotelNtierArchtitecture\Presentation\Presentation.csproj]
C:\Users\Abdurrahman\Desktop\BilgeHotelNtierArchtitecture\Presentation\Views\Room\Partial\_EditReservation.cshtml(37,41): error CS1061: 'Reservation' bir 'status' tan─▒m─▒ i├ğermiyor ve 'Reservation' t├╝r├╝nde bir ilk ba─ş─▒ms─▒z de─şi┼şken kabul eden hi├ğbir eri┼şilebilir 'status' geni┼şletme y├Ântemi bulunamad─▒ (bir kullanma y├Ânergeniz veya derleme ba┼şvurunuz eksik olabilir mi?) [C:\Users\Abdurrahman\Desktop\BilgeHotelNtierArchtitecture\Presentation\Presentation.csproj]
C:\Users\Abdurrahman\Desktop\BilgeHotelNtierArchtitecture\Presentation\Views\Room\Partial\_EditReservation.cshtml(38,42): error CS1061: 'Reservation' bir 'status' tan─▒m─▒ i├ğermiyor ve 'Reservation' t├╝r├╝nde bir ilk ba─ş─▒ms─▒z de─şi┼şken kabul eden hi├ğbir eri┼şilebilir 'status' geni┼şletme y├Ântemi bulunamad─▒ (bir kullanma y├Ânergeniz veya derleme ba┼şvurunuz eksik olabilir mi?) [C:\Users\Abdurrahman\Desktop\BilgeHotelNtierArchtitecture\Presentation\Presentation.csproj]
C:\Users\Abdurrahman\Desktop\BilgeHotelNtierArchtitecture\Presentation\Views\Room\Partial\_EditReservation.cshtml(39,51): error CS1061: 'Reservation' bir 'status' tan─▒m─▒ i├ğermiyor ve 'Reservation' t├╝r├╝nde bir ilk ba─ş─▒ms─▒z de─şi┼şken kabul eden hi├ğbir eri┼şilebilir 'status' geni┼şletme y├Ântemi bulunamad─▒ (bir kullanma y├Ânergeniz veya derleme ba┼şvurunuz eksik olabilir mi?) [C:\Users\Abdurrahman\Desktop\BilgeHotelNtierArchtitecture\Presentation\Presentation.csproj]
C:\Users\Abdurrahman\Desktop\BilgeHotelNtierArchtitecture\Presentation\Areas\Dashboard\Views\Reservations\Index.cshtml(36,65): error CS1061: 'IEnumerable<Reservation>' bir 'status' tan─▒m─▒ i├ğermiyor ve 'IEnumerable<Reservation>' t├╝r├╝nde bir ilk ba─ş─▒ms─▒z de─şi┼şken kabul eden hi├ğbir eri┼şilebilir 'status' geni┼şletme y├Ântemi bulunamad─▒ (bir kullanma y├Ânergeniz veya derleme ba┼şvurunuz eksik olabilir mi?) [C:\Users\Abdurrahman\Desktop\BilgeHotelNtierArchtitecture\Presentation\Presentation.csproj]
C:\Users\Abdurrahman\Desktop\BilgeHotelNtierArchtitecture\Presentation\Areas\Dashboard\Views\Reservations\Create.cshtml(51,33): error CS1061: 'Reservation' bir 'ReservationStatus' tan─▒m─▒ i├ğermiyor ve 'Reservation' t├╝r├╝nde bir ilk ba─ş─▒ms─▒z de─şi┼şken kabul eden hi├ğbir eri┼şilebilir 'ReservationStatus' geni┼şletme y├Ântemi bulunamad─▒ (bir kullanma y├Ânergeniz veya derleme ba┼şvurunuz eksik olabilir mi?) [C:\Users\Abdurrahman\Desktop\BilgeHotelNtierArchtitecture\Presentation\Presentation.csproj]
C:\Users\Abdurrahman\Desktop\BilgeHotelNtierArchtitecture\Presentation\Areas\Dashboard\Views\Reservations\Create.cshtml(52,34): error CS1061: 'Reservation' bir 'ReservationStatus' tan─▒m─▒ i├ğermiyor ve 'Reservation' t├╝r├╝nde bir ilk ba─ş─▒ms─▒z de─şi┼şken kabul eden hi├ğbir eri┼şilebilir 'ReservationStatus' geni┼şletme y├Ântemi bulunamad─▒ (bir kullanma y├Ânergeniz veya derleme ba┼şvurunuz eksik olabilir mi?) [C:\Users\Abdurrahman\Desktop\BilgeHotelNtierArchtitecture\Presentation\Presentation.csproj]
C:\Users\Abdurrahman\Desktop\BilgeHotelNtierArchtitecture\Presentation\Areas\Dashboard\Views\Reservations\Create.cshtml(55,43): error CS1061: 'Reservation' bir 'ReservationStatus' tan─▒m─▒ i├ğermiyor ve 'Reservation' t├╝r├╝nde bir ilk ba─ş─▒ms─▒z de─şi┼şken kabul eden hi├ğbir eri┼şilebilir 'ReservationStatus' geni┼şletme y├Ântemi bulunamad─▒ (bir kullanma y├Ânergeniz veya derleme ba┼şvurunuz eksik olabilir mi?) [C:\Users\Abdurrahman\Desktop\BilgeHotelNtierArchtitecture\Presentation\Presentation.csproj]
C:\Users\Abdurrahman\Desktop\BilgeHotelNtierArchtitecture\Presentation\Views\Reservation\Edit.cshtml(85,53): error CS1061: 'Reservation' bir 'ReservationStatus' tan─▒m─▒ i├ğermiyor ve 'Reservation' t├╝r├╝nde bir ilk ba─ş─▒ms─▒z de─şi┼şken kabul eden hi├ğbir eri┼şilebilir 'ReservationStatus' geni┼şletme y├Ântemi bulunamad─▒ (bir kullanma y├Ânergeniz veya derleme ba┼şvurunuz eksik olabilir mi?) [C:\Users\Abdurrahman\Desktop\BilgeHotelNtierArchtitecture\Presentation\Presentation.csproj]
C:\Users\Abdurrahman\Desktop\BilgeHotelNtierArchtitecture\Presentation\Views\Reservation\Edit.cshtml(86,54): error CS1061: 'Reservation' bir 'ReservationStatus' tan─▒m─▒ i├ğermiyor ve 'Reservation' t├╝r├╝nde bir ilk ba─ş─▒ms─▒z de─şi┼şken kabul eden hi├ğbir eri┼şilebilir 'ReservationStatus' geni┼şletme y├Ântemi bulunamad─▒ (bir kullanma y├Ânergeniz veya derleme ba┼şvurunuz eksik olabilir mi?) [C:\Users\Abdurrahman\Desktop\BilgeHotelNtierArchtitecture\Presentation\Presentation.csproj]
C:\Users\Abdurrahman\Desktop\BilgeHotelNtierArchtitecture\Presentation\Views\Reservation\Edit.cshtml(89,63): error CS1061: 'Reservation' bir 'ReservationStatus' tan─▒m─▒ i├ğermiyor ve 'Reservation' t├╝r├╝nde bir ilk ba─ş─▒ms─▒z de─şi┼şken kabul eden hi├ğbir eri┼şilebilir 'ReservationStatus' geni┼şletme y├Ântemi bulunamad─▒ (bir kullanma y├Ânergeniz veya derleme ba┼şvurunuz eksik olabilir mi?) [C:\Users\Abdurrahman\Desktop\BilgeHotelNtierArchtitecture\Presentation\Presentation.csproj]
C:\Users\Abdurrahman\Desktop\BilgeHotelNtierArchtitecture\Presentation\Views\Home\Delete.cshtml(51,49): error CS1061: 'Reservation' bir 'status' tan─▒m─▒ i├ğermiyor ve 'Reservation' t├╝r├╝nde bir ilk ba─ş─▒ms─▒z de─şi┼şken kabul eden hi├ğbir eri┼şilebilir 'status' geni┼şletme y├Ântemi bulunamad─▒ (bir kullanma y├Ânergeniz veya derleme ba┼şvurunuz eksik olabilir mi?) [C:\Users\Abdurrahman\Desktop\BilgeHotelNtierArchtitecture\Presentation\Presentation.csproj]
C:\Users\Abdurrahman\Desktop\BilgeHotelNtierArchtitecture\Presentation\Views\Home\Delete.cshtml(54,45): error CS1061: 'Reservation' bir 'status' tan─▒m─▒ i├ğermiyor ve 'Reservation' t├╝r├╝nde bir ilk ba─ş─▒ms─▒z de─şi┼şken kabul eden hi├ğbir eri┼şilebilir 'status' geni┼şletme y├Ântemi bulunamad─▒ (bir kullanma y├Ânergeniz veya derleme ba┼şvurunuz eksik olabilir mi?) [C:\Users\Abdurrahman\Desktop\BilgeHotelNtierArchtitecture\Presentation\Presentation.csproj]
C:\Users\Abdurrahman\Desktop\BilgeHotelNtierArchtitecture\Presentation\Views\Home\DeleteReservations.cshtml(40,49): error CS1061: 'Reservation' bir 'status' tan─▒m─▒ i├ğermiyor ve 'Reservation' t├╝r├╝nde bir ilk ba─ş─▒ms─▒z de─şi┼şken kabul eden hi├ğbir eri┼şilebilir 'status' geni┼şletme y├Ântemi bulunamad─▒ (bir kullanma y├Ânergeniz veya derleme ba┼şvurunuz eksik olabilir mi?) [C:\Users\Abdurrahman\Desktop\BilgeHotelNtierArchtitecture\Presentation\Presentation.csproj]
C:\Users\Abdurrahman\Desktop\BilgeHotelNtierArchtitecture\Presentation\Views\Home\DeleteReservations.cshtml(43,45): error CS1061: 'Reservation' bir 'status' tan─▒m─▒ i├ğermiyor ve 'Reservation' t├╝r├╝nde bir ilk ba─ş─▒ms─▒z de─şi┼şken kabul eden hi├ğbir eri┼şilebilir 'status' geni┼şletme y├Ântemi bulunamad─▒ (bir kullanma y├Ânergeniz veya derleme ba┼şvurunuz eksik olabilir mi?) [C:\Users\Abdurrahman\Desktop\BilgeHotelNtierArchtitecture\Presentation\Presentation.csproj]
C:\Users\Abdurrahman\Desktop\BilgeHotelNtierArchtitecture\Presentation\Areas\Dashboard\Views\Reservations\Edit.cshtml(84,33): error CS1061: 'Reservation' bir 'ReservationStatus' tan─▒m─▒ i├ğermiyor ve 'Reservation' t├╝r├╝nde bir ilk ba─ş─▒ms─▒z de─şi┼şken kabul eden hi├ğbir eri┼şilebilir 'ReservationStatus' geni┼şletme y├Ântemi bulunamad─▒ (bir kullanma y├Ânergeniz veya derleme ba┼şvurunuz eksik olabilir mi?) [C:\Users\Abdurrahman\Desktop\BilgeHotelNtierArchtitecture\Presentation\Presentation.csproj]
C:\Users\Abdurrahman\Desktop\BilgeHotelNtierArchtitecture\Presentation\Areas\Dashboard\Views\Reservations\Edit.cshtml(85,34): error CS1061: 'Reservation' bir 'ReservationStatus' tan─▒m─▒ i├ğermiyor ve 'Reservation' t├╝r├╝nde bir ilk ba─ş─▒ms─▒z de─şi┼şken kabul eden hi├ğbir eri┼şilebilir 'ReservationStatus' geni┼şletme y├Ântemi bulunamad─▒ (bir kullanma y├Ânergeniz veya derleme ba┼şvurunuz eksik olabilir mi?) [C:\Users\Abdurrahman\Desktop\BilgeHotelNtierArchtitecture\Presentation\Presentation.csproj]
C:\Users\Abdurrahman\Desktop\BilgeHotelNtierArchtitecture\Presentation\Areas\Dashboard\Views\Reservations\Edit.cshtml(88,43): error CS1061: 'Reservation' bir 'ReservationStatus' tan─▒m─▒ i├ğermiyor ve 'Reservation' t├╝r├╝nde bir ilk ba─ş─▒ms─▒z de─şi┼şken kabul eden hi├ğbir eri┼şilebilir 'ReservationStatus' geni┼şletme y├Ântemi bulunamad─▒ (bir kullanma y├Ânergeniz veya derleme ba┼şvurunuz eksik olabilir mi?) [C:\Users\Abdurrahman\Desktop\BilgeHotelNtierArchtitecture\Presentation\Presentation.csproj]
C:\Users\Abdurrahman\Desktop\BilgeHotelNtierArchtitecture\Presentation\Views\Home\Edit.cshtml(46,33): error CS1061: 'Reservation' bir 'status' tan─▒m─▒ i├ğermiyor ve 'Reservation' t├╝r├╝nde bir ilk ba─ş─▒ms─▒z de─şi┼şken kabul eden hi├ğbir eri┼şilebilir 'status' geni┼şletme y├Ântemi bulunamad─▒ (bir kullanma y├Ânergeniz veya derleme ba┼şvurunuz eksik olabilir mi?) [C:\Users\Abdurrahman\Desktop\BilgeHotelNtierArchtitecture\Presentation\Presentation.csproj]
C:\Users\Abdurrahman\Desktop\BilgeHotelNtierArchtitecture\Presentation\Views\Home\Edit.cshtml(47,34): error CS1061: 'Reservation' bir 'status' tan─▒m─▒ i├ğermiyor ve 'Reservation' t├╝r├╝nde bir ilk ba─ş─▒ms─▒z de─şi┼şken kabul eden hi├ğbir eri┼şilebilir 'status' geni┼şletme y├Ântemi bulunamad─▒ (bir kullanma y├Ânergeniz veya derleme ba┼şvurunuz eksik olabilir mi?) [C:\Users\Abdurrahman\Desktop\BilgeHotelNtierArchtitecture\Presentation\Presentation.csproj]
C:\Users\Abdurrahman\Desktop\BilgeHotelNtierArchtitecture\Presentation\Views\Home\Edit.cshtml(48,43): error CS1061: 'Reservation' bir 'status' tan─▒m─▒ i├ğermiyor ve 'Reservation' t├╝r├╝nde bir ilk ba─ş─▒ms─▒z de─şi┼şken kabul eden hi├ğbir eri┼şilebilir 'status' geni┼şletme y├Ântemi bulunamad─▒ (bir kullanma y├Ânergeniz veya derleme ba┼şvurunuz eksik olabilir mi?) [C:\Users\Abdurrahman\Desktop\BilgeHotelNtierArchtitecture\Presentation\Presentation.csproj]
C:\Users\Abdurrahman\Desktop\BilgeHotelNtierArchtitecture\Presentation\Views\Home\EditReservations.cshtml(102,45): error CS1061: 'Reservation' bir 'ReservationStatus' tan─▒m─▒ i├ğermiyor ve 'Reservation' t├╝r├╝nde bir ilk ba─ş─▒ms─▒z de─şi┼şken kabul eden hi├ğbir eri┼şilebilir 'ReservationStatus' geni┼şletme y├Ântemi bulunamad─▒ (bir kullanma y├Ânergeniz veya derleme ba┼şvurunuz eksik olabilir mi?) [C:\Users\Abdurrahman\Desktop\BilgeHotelNtierArchtitecture\Presentation\Presentation.csproj]
C:\Users\Abdurrahman\Desktop\BilgeHotelNtierArchtitecture\Presentation\Views\Home\EditReservations.cshtml(103,46): error CS1061: 'Reservation' bir 'ReservationStatus' tan─▒m─▒ i├ğermiyor ve 'Reservation' t├╝r├╝nde bir ilk ba─ş─▒ms─▒z de─şi┼şken kabul eden hi├ğbir eri┼şilebilir 'ReservationStatus' geni┼şletme y├Ântemi bulunamad─▒ (bir kullanma y├Ânergeniz veya derleme ba┼şvurunuz eksik olabilir mi?) [C:\Users\Abdurrahman\Desktop\BilgeHotelNtierArchtitecture\Presentation\Presentation.csproj]
C:\Users\Abdurrahman\Desktop\BilgeHotelNtierArchtitecture\Presentation\Views\Home\EditReservations.cshtml(106,55): error CS1061: 'Reservation' bir 'ReservationStatus' tan─▒m─▒ i├ğermiyor ve 'Reservation' t├╝r├╝nde bir ilk ba─ş─▒ms─▒z de─şi┼şken kabul eden hi├ğbir eri┼şilebilir 'ReservationStatus' geni┼şletme y├Ântemi bulunamad─▒ (bir kullanma y├Ânergeniz veya derleme ba┼şvurunuz eksik olabilir mi?) [C:\Users\Abdurrahman\Desktop\BilgeHotelNtierArchtitecture\Presentation\Presentation.csproj]
    117 Uyar─▒
    38 Hata

Ge├ğen S├╝re 00:00:02.53

─░┼ş y├╝k├╝ g├╝ncelle┼ştirmeleri var. Daha fazla bilgi i├ğin `dotnet workload list` ├ğal─▒┼şt─▒r─▒n.
